Archive member included to satisfy reference by file (symbol)

c:/st/stm32cubeide_1.6.1/stm32cubeide/plugins/com.st.stm32cube.ide.mcu.externaltools.gnu-tools-for-stm32.9-2020-q2-update.win32_1.5.0.202011040924/tools/bin/../lib/gcc/arm-none-eabi/9.3.1/../../../../arm-none-eabi/lib/thumb/v7e-m+fp/hard\libc_nano.a(lib_a-errno.o)
                              Core/Src/syscalls.o (__errno)
c:/st/stm32cubeide_1.6.1/stm32cubeide/plugins/com.st.stm32cube.ide.mcu.externaltools.gnu-tools-for-stm32.9-2020-q2-update.win32_1.5.0.202011040924/tools/bin/../lib/gcc/arm-none-eabi/9.3.1/../../../../arm-none-eabi/lib/thumb/v7e-m+fp/hard\libc_nano.a(lib_a-exit.o)
                              c:/st/stm32cubeide_1.6.1/stm32cubeide/plugins/com.st.stm32cube.ide.mcu.externaltools.gnu-tools-for-stm32.9-2020-q2-update.win32_1.5.0.202011040924/tools/bin/../lib/gcc/arm-none-eabi/9.3.1/../../../../arm-none-eabi/lib/thumb/v7e-m+fp/hard/crt0.o (exit)
c:/st/stm32cubeide_1.6.1/stm32cubeide/plugins/com.st.stm32cube.ide.mcu.externaltools.gnu-tools-for-stm32.9-2020-q2-update.win32_1.5.0.202011040924/tools/bin/../lib/gcc/arm-none-eabi/9.3.1/../../../../arm-none-eabi/lib/thumb/v7e-m+fp/hard\libc_nano.a(lib_a-impure.o)
                              c:/st/stm32cubeide_1.6.1/stm32cubeide/plugins/com.st.stm32cube.ide.mcu.externaltools.gnu-tools-for-stm32.9-2020-q2-update.win32_1.5.0.202011040924/tools/bin/../lib/gcc/arm-none-eabi/9.3.1/../../../../arm-none-eabi/lib/thumb/v7e-m+fp/hard\libc_nano.a(lib_a-exit.o) (_global_impure_ptr)
c:/st/stm32cubeide_1.6.1/stm32cubeide/plugins/com.st.stm32cube.ide.mcu.externaltools.gnu-tools-for-stm32.9-2020-q2-update.win32_1.5.0.202011040924/tools/bin/../lib/gcc/arm-none-eabi/9.3.1/../../../../arm-none-eabi/lib/thumb/v7e-m+fp/hard\libc_nano.a(lib_a-init.o)
                              c:/st/stm32cubeide_1.6.1/stm32cubeide/plugins/com.st.stm32cube.ide.mcu.externaltools.gnu-tools-for-stm32.9-2020-q2-update.win32_1.5.0.202011040924/tools/bin/../lib/gcc/arm-none-eabi/9.3.1/../../../../arm-none-eabi/lib/thumb/v7e-m+fp/hard/crt0.o (__libc_init_array)
c:/st/stm32cubeide_1.6.1/stm32cubeide/plugins/com.st.stm32cube.ide.mcu.externaltools.gnu-tools-for-stm32.9-2020-q2-update.win32_1.5.0.202011040924/tools/bin/../lib/gcc/arm-none-eabi/9.3.1/../../../../arm-none-eabi/lib/thumb/v7e-m+fp/hard\libc_nano.a(lib_a-memset.o)
                              c:/st/stm32cubeide_1.6.1/stm32cubeide/plugins/com.st.stm32cube.ide.mcu.externaltools.gnu-tools-for-stm32.9-2020-q2-update.win32_1.5.0.202011040924/tools/bin/../lib/gcc/arm-none-eabi/9.3.1/../../../../arm-none-eabi/lib/thumb/v7e-m+fp/hard/crt0.o (memset)
c:/st/stm32cubeide_1.6.1/stm32cubeide/plugins/com.st.stm32cube.ide.mcu.externaltools.gnu-tools-for-stm32.9-2020-q2-update.win32_1.5.0.202011040924/tools/bin/../lib/gcc/arm-none-eabi/9.3.1/../../../../arm-none-eabi/lib/thumb/v7e-m+fp/hard\libc_nano.a(lib_a-strlen.o)
                              Core/Src/main.o (strlen)
c:/st/stm32cubeide_1.6.1/stm32cubeide/plugins/com.st.stm32cube.ide.mcu.externaltools.gnu-tools-for-stm32.9-2020-q2-update.win32_1.5.0.202011040924/tools/bin/../lib/gcc/arm-none-eabi/9.3.1/thumb/v7e-m+fp/hard\libgcc.a(_aeabi_uldivmod.o)
                              Drivers/STM32F4xx_HAL_Driver/Src/stm32f4xx_hal_rcc.o (__aeabi_uldivmod)
c:/st/stm32cubeide_1.6.1/stm32cubeide/plugins/com.st.stm32cube.ide.mcu.externaltools.gnu-tools-for-stm32.9-2020-q2-update.win32_1.5.0.202011040924/tools/bin/../lib/gcc/arm-none-eabi/9.3.1/thumb/v7e-m+fp/hard\libgcc.a(_udivmoddi4.o)
                              c:/st/stm32cubeide_1.6.1/stm32cubeide/plugins/com.st.stm32cube.ide.mcu.externaltools.gnu-tools-for-stm32.9-2020-q2-update.win32_1.5.0.202011040924/tools/bin/../lib/gcc/arm-none-eabi/9.3.1/thumb/v7e-m+fp/hard\libgcc.a(_aeabi_uldivmod.o) (__udivmoddi4)
c:/st/stm32cubeide_1.6.1/stm32cubeide/plugins/com.st.stm32cube.ide.mcu.externaltools.gnu-tools-for-stm32.9-2020-q2-update.win32_1.5.0.202011040924/tools/bin/../lib/gcc/arm-none-eabi/9.3.1/thumb/v7e-m+fp/hard\libgcc.a(_dvmd_tls.o)
                              c:/st/stm32cubeide_1.6.1/stm32cubeide/plugins/com.st.stm32cube.ide.mcu.externaltools.gnu-tools-for-stm32.9-2020-q2-update.win32_1.5.0.202011040924/tools/bin/../lib/gcc/arm-none-eabi/9.3.1/thumb/v7e-m+fp/hard\libgcc.a(_aeabi_uldivmod.o) (__aeabi_ldiv0)

Allocating common symbols
Common symbol       size              file

hUsbDeviceFS        0x2d0             USB_DEVICE/App/usb_device.o
hpcd_USB_OTG_FS     0x408             USB_DEVICE/Target/usbd_conf.o
uwTick              0x4               Drivers/STM32F4xx_HAL_Driver/Src/stm32f4xx_hal.o
pFlash              0x20              Drivers/STM32F4xx_HAL_Driver/Src/stm32f4xx_hal_flash.o
UserRxBufferFS      0x800             USB_DEVICE/App/usbd_cdc_if.o
UserTxBufferFS      0x800             USB_DEVICE/App/usbd_cdc_if.o
USBD_StrDesc        0x200             USB_DEVICE/App/usbd_desc.o

Discarded input sections

[...]
Memory Configuration

Name             Origin             Length             Attributes
CCMRAM           0x0000000010000000 0x0000000000010000 xrw
RAM              0x0000000020000000 0x0000000000020000 xrw
FLASH            0x0000000008000000 0x0000000000100000 xr
*default*        0x0000000000000000 0xffffffffffffffff

Linker script and memory map

LOAD c:/st/stm32cubeide_1.6.1/stm32cubeide/plugins/com.st.stm32cube.ide.mcu.externaltools.gnu-tools-for-stm32.9-2020-q2-update.win32_1.5.0.202011040924/tools/bin/../lib/gcc/arm-none-eabi/9.3.1/thumb/v7e-m+fp/hard/crti.o
LOAD c:/st/stm32cubeide_1.6.1/stm32cubeide/plugins/com.st.stm32cube.ide.mcu.externaltools.gnu-tools-for-stm32.9-2020-q2-update.win32_1.5.0.202011040924/tools/bin/../lib/gcc/arm-none-eabi/9.3.1/thumb/v7e-m+fp/hard/crtbegin.o
LOAD c:/st/stm32cubeide_1.6.1/stm32cubeide/plugins/com.st.stm32cube.ide.mcu.externaltools.gnu-tools-for-stm32.9-2020-q2-update.win32_1.5.0.202011040924/tools/bin/../lib/gcc/arm-none-eabi/9.3.1/../../../../arm-none-eabi/lib/thumb/v7e-m+fp/hard/crt0.o
LOAD Core/Src/main.o
LOAD Core/Src/stm32f4xx_hal_msp.o
LOAD Core/Src/stm32f4xx_it.o
LOAD Core/Src/syscalls.o
LOAD Core/Src/sysmem.o
LOAD Core/Src/system_stm32f4xx.o
LOAD Core/Startup/startup_stm32f407vgtx.o
LOAD Drivers/STM32F4xx_HAL_Driver/Src/stm32f4xx_hal.o
LOAD Drivers/STM32F4xx_HAL_Driver/Src/stm32f4xx_hal_cortex.o
LOAD Drivers/STM32F4xx_HAL_Driver/Src/stm32f4xx_hal_dma.o
LOAD Drivers/STM32F4xx_HAL_Driver/Src/stm32f4xx_hal_dma_ex.o
LOAD Drivers/STM32F4xx_HAL_Driver/Src/stm32f4xx_hal_exti.o
LOAD Drivers/STM32F4xx_HAL_Driver/Src/stm32f4xx_hal_flash.o
LOAD Drivers/STM32F4xx_HAL_Driver/Src/stm32f4xx_hal_flash_ex.o
LOAD Drivers/STM32F4xx_HAL_Driver/Src/stm32f4xx_hal_flash_ramfunc.o
LOAD Drivers/STM32F4xx_HAL_Driver/Src/stm32f4xx_hal_gpio.o
LOAD Drivers/STM32F4xx_HAL_Driver/Src/stm32f4xx_hal_pcd.o
LOAD Drivers/STM32F4xx_HAL_Driver/Src/stm32f4xx_hal_pcd_ex.o
LOAD Drivers/STM32F4xx_HAL_Driver/Src/stm32f4xx_hal_pwr.o
LOAD Drivers/STM32F4xx_HAL_Driver/Src/stm32f4xx_hal_pwr_ex.o
LOAD Drivers/STM32F4xx_HAL_Driver/Src/stm32f4xx_hal_rcc.o
LOAD Drivers/STM32F4xx_HAL_Driver/Src/stm32f4xx_hal_rcc_ex.o
LOAD Drivers/STM32F4xx_HAL_Driver/Src/stm32f4xx_hal_tim.o
LOAD Drivers/STM32F4xx_HAL_Driver/Src/stm32f4xx_hal_tim_ex.o
LOAD Drivers/STM32F4xx_HAL_Driver/Src/stm32f4xx_ll_usb.o
LOAD Middlewares/ST/STM32_USB_Device_Library/Class/CDC/Src/usbd_cdc.o
LOAD Middlewares/ST/STM32_USB_Device_Library/Core/Src/usbd_core.o
LOAD Middlewares/ST/STM32_USB_Device_Library/Core/Src/usbd_ctlreq.o
LOAD Middlewares/ST/STM32_USB_Device_Library/Core/Src/usbd_ioreq.o
LOAD USB_DEVICE/App/usb_device.o
LOAD USB_DEVICE/App/usbd_cdc_if.o
LOAD USB_DEVICE/App/usbd_desc.o
LOAD USB_DEVICE/Target/usbd_conf.o
START GROUP
LOAD c:/st/stm32cubeide_1.6.1/stm32cubeide/plugins/com.st.stm32cube.ide.mcu.externaltools.gnu-tools-for-stm32.9-2020-q2-update.win32_1.5.0.202011040924/tools/bin/../lib/gcc/arm-none-eabi/9.3.1/../../../../arm-none-eabi/lib/thumb/v7e-m+fp/hard\libc_nano.a
LOAD c:/st/stm32cubeide_1.6.1/stm32cubeide/plugins/com.st.stm32cube.ide.mcu.externaltools.gnu-tools-for-stm32.9-2020-q2-update.win32_1.5.0.202011040924/tools/bin/../lib/gcc/arm-none-eabi/9.3.1/../../../../arm-none-eabi/lib/thumb/v7e-m+fp/hard\libm.a
END GROUP
START GROUP
LOAD c:/st/stm32cubeide_1.6.1/stm32cubeide/plugins/com.st.stm32cube.ide.mcu.externaltools.gnu-tools-for-stm32.9-2020-q2-update.win32_1.5.0.202011040924/tools/bin/../lib/gcc/arm-none-eabi/9.3.1/thumb/v7e-m+fp/hard\libgcc.a
LOAD c:/st/stm32cubeide_1.6.1/stm32cubeide/plugins/com.st.stm32cube.ide.mcu.externaltools.gnu-tools-for-stm32.9-2020-q2-update.win32_1.5.0.202011040924/tools/bin/../lib/gcc/arm-none-eabi/9.3.1/../../../../arm-none-eabi/lib/thumb/v7e-m+fp/hard\libc_nano.a
END GROUP
START GROUP
LOAD c:/st/stm32cubeide_1.6.1/stm32cubeide/plugins/com.st.stm32cube.ide.mcu.externaltools.gnu-tools-for-stm32.9-2020-q2-update.win32_1.5.0.202011040924/tools/bin/../lib/gcc/arm-none-eabi/9.3.1/thumb/v7e-m+fp/hard\libgcc.a
LOAD c:/st/stm32cubeide_1.6.1/stm32cubeide/plugins/com.st.stm32cube.ide.mcu.externaltools.gnu-tools-for-stm32.9-2020-q2-update.win32_1.5.0.202011040924/tools/bin/../lib/gcc/arm-none-eabi/9.3.1/../../../../arm-none-eabi/lib/thumb/v7e-m+fp/hard\libc_nano.a
LOAD c:/st/stm32cubeide_1.6.1/stm32cubeide/plugins/com.st.stm32cube.ide.mcu.externaltools.gnu-tools-for-stm32.9-2020-q2-update.win32_1.5.0.202011040924/tools/bin/../lib/gcc/arm-none-eabi/9.3.1/../../../../arm-none-eabi/lib/thumb/v7e-m+fp/hard\libnosys.a
END GROUP
START GROUP
LOAD c:/st/stm32cubeide_1.6.1/stm32cubeide/plugins/com.st.stm32cube.ide.mcu.externaltools.gnu-tools-for-stm32.9-2020-q2-update.win32_1.5.0.202011040924/tools/bin/../lib/gcc/arm-none-eabi/9.3.1/thumb/v7e-m+fp/hard\libgcc.a
LOAD c:/st/stm32cubeide_1.6.1/stm32cubeide/plugins/com.st.stm32cube.ide.mcu.externaltools.gnu-tools-for-stm32.9-2020-q2-update.win32_1.5.0.202011040924/tools/bin/../lib/gcc/arm-none-eabi/9.3.1/../../../../arm-none-eabi/lib/thumb/v7e-m+fp/hard\libc_nano.a
LOAD c:/st/stm32cubeide_1.6.1/stm32cubeide/plugins/com.st.stm32cube.ide.mcu.externaltools.gnu-tools-for-stm32.9-2020-q2-update.win32_1.5.0.202011040924/tools/bin/../lib/gcc/arm-none-eabi/9.3.1/../../../../arm-none-eabi/lib/thumb/v7e-m+fp/hard\libnosys.a
END GROUP
LOAD c:/st/stm32cubeide_1.6.1/stm32cubeide/plugins/com.st.stm32cube.ide.mcu.externaltools.gnu-tools-for-stm32.9-2020-q2-update.win32_1.5.0.202011040924/tools/bin/../lib/gcc/arm-none-eabi/9.3.1/thumb/v7e-m+fp/hard/crtend.o
LOAD c:/st/stm32cubeide_1.6.1/stm32cubeide/plugins/com.st.stm32cube.ide.mcu.externaltools.gnu-tools-for-stm32.9-2020-q2-update.win32_1.5.0.202011040924/tools/bin/../lib/gcc/arm-none-eabi/9.3.1/thumb/v7e-m+fp/hard/crtn.o
                0x0000000020020000                _estack = (ORIGIN (RAM) + LENGTH (RAM))
                0x0000000000002000                _Min_Heap_Size = 0x2000
                0x0000000000004000                _Min_Stack_Size = 0x4000

.isr_vector     0x0000000008000000      0x188
                0x0000000008000000                . = ALIGN (0x4)
 *(.isr_vector)
 .isr_vector    0x0000000008000000      0x188 Core/Startup/startup_stm32f407vgtx.o
                0x0000000008000000                g_pfnVectors
                0x0000000008000188                . = ALIGN (0x4)

.text           0x0000000008000188     0x6208
                0x0000000008000188                . = ALIGN (0x4)
 *(.text)
 .text          0x0000000008000188       0x40 c:/st/stm32cubeide_1.6.1/stm32cubeide/plugins/com.st.stm32cube.ide.mcu.externaltools.gnu-tools-for-stm32.9-2020-q2-update.win32_1.5.0.202011040924/tools/bin/../lib/gcc/arm-none-eabi/9.3.1/thumb/v7e-m+fp/hard/crtbegin.o
 .text          0x00000000080001c8       0x10 c:/st/stm32cubeide_1.6.1/stm32cubeide/plugins/com.st.stm32cube.ide.mcu.externaltools.gnu-tools-for-stm32.9-2020-q2-update.win32_1.5.0.202011040924/tools/bin/../lib/gcc/arm-none-eabi/9.3.1/../../../../arm-none-eabi/lib/thumb/v7e-m+fp/hard\libc_nano.a(lib_a-strlen.o)
                0x00000000080001c8                strlen
 .text          0x00000000080001d8       0x30 c:/st/stm32cubeide_1.6.1/stm32cubeide/plugins/com.st.stm32cube.ide.mcu.externaltools.gnu-tools-for-stm32.9-2020-q2-update.win32_1.5.0.202011040924/tools/bin/../lib/gcc/arm-none-eabi/9.3.1/thumb/v7e-m+fp/hard\libgcc.a(_aeabi_uldivmod.o)
                0x00000000080001d8                __aeabi_uldivmod
 .text          0x0000000008000208      0x2c4 c:/st/stm32cubeide_1.6.1/stm32cubeide/plugins/com.st.stm32cube.ide.mcu.externaltools.gnu-tools-for-stm32.9-2020-q2-update.win32_1.5.0.202011040924/tools/bin/../lib/gcc/arm-none-eabi/9.3.1/thumb/v7e-m+fp/hard\libgcc.a(_udivmoddi4.o)
                0x0000000008000208                __udivmoddi4
 .text          0x00000000080004cc        0x4 c:/st/stm32cubeide_1.6.1/stm32cubeide/plugins/com.st.stm32cube.ide.mcu.externaltools.gnu-tools-for-stm32.9-2020-q2-update.win32_1.5.0.202011040924/tools/bin/../lib/gcc/arm-none-eabi/9.3.1/thumb/v7e-m+fp/hard\libgcc.a(_dvmd_tls.o)
                0x00000000080004cc                __aeabi_idiv0
                0x00000000080004cc                __aeabi_ldiv0
 *(.text*)
 .text.main     0x00000000080004d0       0x2c Core/Src/main.o
                0x00000000080004d0                main
 .text.SystemClock_Config
                0x00000000080004fc       0xd0 Core/Src/main.o
                0x00000000080004fc                SystemClock_Config
 .text.MX_GPIO_Init
                0x00000000080005cc       0x50 Core/Src/main.o
 .text.Error_Handler
                0x000000000800061c        0xa Core/Src/main.o
                0x000000000800061c                Error_Handler
 *fill*         0x0000000008000626        0x2 
 .text.HAL_MspInit
                0x0000000008000628       0x50 Core/Src/stm32f4xx_hal_msp.o
                0x0000000008000628                HAL_MspInit
 .text.NMI_Handler
                0x0000000008000678        0x6 Core/Src/stm32f4xx_it.o
                0x0000000008000678                NMI_Handler
 .text.HardFault_Handler
                0x000000000800067e        0x6 Core/Src/stm32f4xx_it.o
                0x000000000800067e                HardFault_Handler
 .text.MemManage_Handler
                0x0000000008000684        0x6 Core/Src/stm32f4xx_it.o
                0x0000000008000684                MemManage_Handler
 .text.BusFault_Handler
                0x000000000800068a        0x6 Core/Src/stm32f4xx_it.o
                0x000000000800068a                BusFault_Handler
 .text.UsageFault_Handler
                0x0000000008000690        0x6 Core/Src/stm32f4xx_it.o
                0x0000000008000690                UsageFault_Handler
 .text.SVC_Handler
                0x0000000008000696        0xe Core/Src/stm32f4xx_it.o
                0x0000000008000696                SVC_Handler
 .text.DebugMon_Handler
                0x00000000080006a4        0xe Core/Src/stm32f4xx_it.o
                0x00000000080006a4                DebugMon_Handler
 .text.PendSV_Handler
                0x00000000080006b2        0xe Core/Src/stm32f4xx_it.o
                0x00000000080006b2                PendSV_Handler
 .text.SysTick_Handler
                0x00000000080006c0        0xc Core/Src/stm32f4xx_it.o
                0x00000000080006c0                SysTick_Handler
 .text.OTG_FS_IRQHandler
                0x00000000080006cc       0x14 Core/Src/stm32f4xx_it.o
                0x00000000080006cc                OTG_FS_IRQHandler
 .text.SystemInit
                0x00000000080006e0       0x24 Core/Src/system_stm32f4xx.o
                0x00000000080006e0                SystemInit
 .text.Reset_Handler
                0x0000000008000704       0x50 Core/Startup/startup_stm32f407vgtx.o
                0x0000000008000704                Reset_Handler
 .text.Default_Handler
                0x0000000008000754        0x2 Core/Startup/startup_stm32f407vgtx.o
                0x0000000008000754                RTC_Alarm_IRQHandler
                0x0000000008000754                HASH_RNG_IRQHandler
                0x0000000008000754                EXTI2_IRQHandler
                0x0000000008000754                TIM8_CC_IRQHandler
                0x0000000008000754                TIM1_CC_IRQHandler
                0x0000000008000754                DMA2_Stream5_IRQHandler
                0x0000000008000754                DMA1_Stream5_IRQHandler
                0x0000000008000754                PVD_IRQHandler
                0x0000000008000754                SDIO_IRQHandler
                0x0000000008000754                TAMP_STAMP_IRQHandler
                0x0000000008000754                CAN2_RX1_IRQHandler
                0x0000000008000754                EXTI3_IRQHandler
                0x0000000008000754                TIM8_TRG_COM_TIM14_IRQHandler
                0x0000000008000754                TIM1_UP_TIM10_IRQHandler
                0x0000000008000754                TIM8_UP_TIM13_IRQHandler
                0x0000000008000754                I2C3_ER_IRQHandler
                0x0000000008000754                EXTI0_IRQHandler
                0x0000000008000754                I2C2_EV_IRQHandler
                0x0000000008000754                DMA1_Stream2_IRQHandler
                0x0000000008000754                CAN1_RX0_IRQHandler
                0x0000000008000754                FPU_IRQHandler
                0x0000000008000754                OTG_HS_WKUP_IRQHandler
                0x0000000008000754                CAN2_SCE_IRQHandler
                0x0000000008000754                DMA2_Stream2_IRQHandler
                0x0000000008000754                SPI1_IRQHandler
                0x0000000008000754                TIM6_DAC_IRQHandler
                0x0000000008000754                TIM1_BRK_TIM9_IRQHandler
                0x0000000008000754                DCMI_IRQHandler
                0x0000000008000754                CAN2_RX0_IRQHandler
                0x0000000008000754                DMA2_Stream3_IRQHandler
                0x0000000008000754                USART6_IRQHandler
                0x0000000008000754                USART3_IRQHandler
                0x0000000008000754                CAN1_RX1_IRQHandler
                0x0000000008000754                UART5_IRQHandler
                0x0000000008000754                DMA2_Stream0_IRQHandler
                0x0000000008000754                TIM4_IRQHandler
                0x0000000008000754                I2C1_EV_IRQHandler
                0x0000000008000754                DMA1_Stream6_IRQHandler
                0x0000000008000754                DMA1_Stream1_IRQHandler
                0x0000000008000754                UART4_IRQHandler
                0x0000000008000754                TIM3_IRQHandler
                0x0000000008000754                RCC_IRQHandler
                0x0000000008000754                TIM8_BRK_TIM12_IRQHandler
                0x0000000008000754                Default_Handler
                0x0000000008000754                EXTI15_10_IRQHandler
                0x0000000008000754                ADC_IRQHandler
                0x0000000008000754                DMA1_Stream7_IRQHandler
                0x0000000008000754                TIM7_IRQHandler
                0x0000000008000754                CAN2_TX_IRQHandler
                0x0000000008000754                TIM5_IRQHandler
                0x0000000008000754                DMA2_Stream7_IRQHandler
                0x0000000008000754                I2C3_EV_IRQHandler
                0x0000000008000754                EXTI9_5_IRQHandler
                0x0000000008000754                RTC_WKUP_IRQHandler
                0x0000000008000754                ETH_WKUP_IRQHandler
                0x0000000008000754                SPI2_IRQHandler
                0x0000000008000754                OTG_HS_EP1_IN_IRQHandler
                0x0000000008000754                DMA1_Stream0_IRQHandler
                0x0000000008000754                CAN1_TX_IRQHandler
                0x0000000008000754                EXTI4_IRQHandler
                0x0000000008000754                FSMC_IRQHandler
                0x0000000008000754                ETH_IRQHandler
                0x0000000008000754                OTG_HS_EP1_OUT_IRQHandler
                0x0000000008000754                WWDG_IRQHandler
                0x0000000008000754                TIM2_IRQHandler
                0x0000000008000754                OTG_FS_WKUP_IRQHandler
                0x0000000008000754                TIM1_TRG_COM_TIM11_IRQHandler
                0x0000000008000754                OTG_HS_IRQHandler
                0x0000000008000754                EXTI1_IRQHandler
                0x0000000008000754                USART2_IRQHandler
                0x0000000008000754                I2C2_ER_IRQHandler
                0x0000000008000754                DMA2_Stream1_IRQHandler
                0x0000000008000754                CAN1_SCE_IRQHandler
                0x0000000008000754                FLASH_IRQHandler
                0x0000000008000754                DMA2_Stream4_IRQHandler
                0x0000000008000754                USART1_IRQHandler
                0x0000000008000754                SPI3_IRQHandler
                0x0000000008000754                DMA1_Stream4_IRQHandler
                0x0000000008000754                I2C1_ER_IRQHandler
                0x0000000008000754                DMA2_Stream6_IRQHandler
                0x0000000008000754                DMA1_Stream3_IRQHandler
 *fill*         0x0000000008000756        0x2 
 .text.HAL_Init
                0x0000000008000758       0x44 Drivers/STM32F4xx_HAL_Driver/Src/stm32f4xx_hal.o
                0x0000000008000758                HAL_Init
 .text.HAL_InitTick
                0x000000000800079c       0x60 Drivers/STM32F4xx_HAL_Driver/Src/stm32f4xx_hal.o
                0x000000000800079c                HAL_InitTick
 .text.HAL_IncTick
                0x00000000080007fc       0x28 Drivers/STM32F4xx_HAL_Driver/Src/stm32f4xx_hal.o
                0x00000000080007fc                HAL_IncTick
 .text.HAL_GetTick
                0x0000000008000824       0x18 Drivers/STM32F4xx_HAL_Driver/Src/stm32f4xx_hal.o
                0x0000000008000824                HAL_GetTick
 .text.HAL_Delay
                0x000000000800083c       0x48 Drivers/STM32F4xx_HAL_Driver/Src/stm32f4xx_hal.o
                0x000000000800083c                HAL_Delay
 .text.__NVIC_SetPriorityGrouping
                0x0000000008000884       0x48 Drivers/STM32F4xx_HAL_Driver/Src/stm32f4xx_hal_cortex.o
 .text.__NVIC_GetPriorityGrouping
                0x00000000080008cc       0x1c Drivers/STM32F4xx_HAL_Driver/Src/stm32f4xx_hal_cortex.o
 .text.__NVIC_EnableIRQ
                0x00000000080008e8       0x3c Drivers/STM32F4xx_HAL_Driver/Src/stm32f4xx_hal_cortex.o
 .text.__NVIC_SetPriority
                0x0000000008000924       0x54 Drivers/STM32F4xx_HAL_Driver/Src/stm32f4xx_hal_cortex.o
 .text.NVIC_EncodePriority
                0x0000000008000978       0x66 Drivers/STM32F4xx_HAL_Driver/Src/stm32f4xx_hal_cortex.o
 *fill*         0x00000000080009de        0x2 
 .text.SysTick_Config
                0x00000000080009e0       0x44 Drivers/STM32F4xx_HAL_Driver/Src/stm32f4xx_hal_cortex.o
 .text.HAL_NVIC_SetPriorityGrouping
                0x0000000008000a24       0x16 Drivers/STM32F4xx_HAL_Driver/Src/stm32f4xx_hal_cortex.o
                0x0000000008000a24                HAL_NVIC_SetPriorityGrouping
 .text.HAL_NVIC_SetPriority
                0x0000000008000a3a       0x38 Drivers/STM32F4xx_HAL_Driver/Src/stm32f4xx_hal_cortex.o
                0x0000000008000a3a                HAL_NVIC_SetPriority
 .text.HAL_NVIC_EnableIRQ
                0x0000000008000a72       0x1c Drivers/STM32F4xx_HAL_Driver/Src/stm32f4xx_hal_cortex.o
                0x0000000008000a72                HAL_NVIC_EnableIRQ
 .text.HAL_SYSTICK_Config
                0x0000000008000a8e       0x18 Drivers/STM32F4xx_HAL_Driver/Src/stm32f4xx_hal_cortex.o
                0x0000000008000a8e                HAL_SYSTICK_Config
 *fill*         0x0000000008000aa6        0x2 
 .text.HAL_GPIO_Init
                0x0000000008000aa8      0x338 Drivers/STM32F4xx_HAL_Driver/Src/stm32f4xx_hal_gpio.o
                0x0000000008000aa8                HAL_GPIO_Init
 .text.HAL_PCD_Init
                0x0000000008000de0      0x23a Drivers/STM32F4xx_HAL_Driver/Src/stm32f4xx_hal_pcd.o
                0x0000000008000de0                HAL_PCD_Init
 .text.HAL_PCD_Start
                0x000000000800101a       0x66 Drivers/STM32F4xx_HAL_Driver/Src/stm32f4xx_hal_pcd.o
                0x000000000800101a                HAL_PCD_Start
 .text.HAL_PCD_IRQHandler
                0x0000000008001080      0x764 Drivers/STM32F4xx_HAL_Driver/Src/stm32f4xx_hal_pcd.o
                0x0000000008001080                HAL_PCD_IRQHandler
 .text.HAL_PCD_SetAddress
                0x00000000080017e4       0x4a Drivers/STM32F4xx_HAL_Driver/Src/stm32f4xx_hal_pcd.o
                0x00000000080017e4                HAL_PCD_SetAddress
 .text.HAL_PCD_EP_Open
                0x000000000800182e       0xd0 Drivers/STM32F4xx_HAL_Driver/Src/stm32f4xx_hal_pcd.o
                0x000000000800182e                HAL_PCD_EP_Open
 .text.HAL_PCD_EP_Close
                0x00000000080018fe       0x94 Drivers/STM32F4xx_HAL_Driver/Src/stm32f4xx_hal_pcd.o
                0x00000000080018fe                HAL_PCD_EP_Close
 .text.HAL_PCD_EP_Receive
                0x0000000008001992       0x96 Drivers/STM32F4xx_HAL_Driver/Src/stm32f4xx_hal_pcd.o
                0x0000000008001992                HAL_PCD_EP_Receive
 .text.HAL_PCD_EP_GetRxCount
                0x0000000008001a28       0x30 Drivers/STM32F4xx_HAL_Driver/Src/stm32f4xx_hal_pcd.o
                0x0000000008001a28                HAL_PCD_EP_GetRxCount
 .text.HAL_PCD_EP_Transmit
                0x0000000008001a58       0x94 Drivers/STM32F4xx_HAL_Driver/Src/stm32f4xx_hal_pcd.o
                0x0000000008001a58                HAL_PCD_EP_Transmit
 .text.HAL_PCD_EP_SetStall
                0x0000000008001aec       0xc8 Drivers/STM32F4xx_HAL_Driver/Src/stm32f4xx_hal_pcd.o
                0x0000000008001aec                HAL_PCD_EP_SetStall
 .text.HAL_PCD_EP_ClrStall
                0x0000000008001bb4       0xac Drivers/STM32F4xx_HAL_Driver/Src/stm32f4xx_hal_pcd.o
                0x0000000008001bb4                HAL_PCD_EP_ClrStall
 .text.PCD_WriteEmptyTxFifo
                0x0000000008001c60      0x11a Drivers/STM32F4xx_HAL_Driver/Src/stm32f4xx_hal_pcd.o
 *fill*         0x0000000008001d7a        0x2 
 .text.PCD_EP_OutXfrComplete_int
                0x0000000008001d7c      0x218 Drivers/STM32F4xx_HAL_Driver/Src/stm32f4xx_hal_pcd.o
 .text.PCD_EP_OutSetupPacket_int
                0x0000000008001f94       0x8c Drivers/STM32F4xx_HAL_Driver/Src/stm32f4xx_hal_pcd.o
 .text.HAL_PCDEx_SetTxFiFo
                0x0000000008002020       0x8e Drivers/STM32F4xx_HAL_Driver/Src/stm32f4xx_hal_pcd_ex.o
                0x0000000008002020                HAL_PCDEx_SetTxFiFo
 .text.HAL_PCDEx_SetRxFiFo
                0x00000000080020ae       0x22 Drivers/STM32F4xx_HAL_Driver/Src/stm32f4xx_hal_pcd_ex.o
                0x00000000080020ae                HAL_PCDEx_SetRxFiFo
 .text.HAL_PCDEx_LPM_Callback
                0x00000000080020d0       0x18 Drivers/STM32F4xx_HAL_Driver/Src/stm32f4xx_hal_pcd_ex.o
                0x00000000080020d0                HAL_PCDEx_LPM_Callback
 .text.HAL_RCC_OscConfig
                0x00000000080020e8      0x4f0 Drivers/STM32F4xx_HAL_Driver/Src/stm32f4xx_hal_rcc.o
                0x00000000080020e8                HAL_RCC_OscConfig
 .text.HAL_RCC_ClockConfig
                0x00000000080025d8      0x1cc Drivers/STM32F4xx_HAL_Driver/Src/stm32f4xx_hal_rcc.o
                0x00000000080025d8                HAL_RCC_ClockConfig
 .text.HAL_RCC_GetSysClockFreq
                0x00000000080027a4      0x1c4 Drivers/STM32F4xx_HAL_Driver/Src/stm32f4xx_hal_rcc.o
                0x00000000080027a4                HAL_RCC_GetSysClockFreq
 .text.HAL_RCC_GetHCLKFreq
                0x0000000008002968       0x18 Drivers/STM32F4xx_HAL_Driver/Src/stm32f4xx_hal_rcc.o
                0x0000000008002968                HAL_RCC_GetHCLKFreq
 .text.USB_CoreInit
                0x0000000008002980       0xc2 Drivers/STM32F4xx_HAL_Driver/Src/stm32f4xx_ll_usb.o
                0x0000000008002980                USB_CoreInit
 *fill*         0x0000000008002a42        0x2 
 .text.USB_SetTurnaroundTime
                0x0000000008002a44      0x144 Drivers/STM32F4xx_HAL_Driver/Src/stm32f4xx_ll_usb.o
                0x0000000008002a44                USB_SetTurnaroundTime
 .text.USB_EnableGlobalInt
                0x0000000008002b88       0x22 Drivers/STM32F4xx_HAL_Driver/Src/stm32f4xx_ll_usb.o
                0x0000000008002b88                USB_EnableGlobalInt
 .text.USB_DisableGlobalInt
                0x0000000008002baa       0x22 Drivers/STM32F4xx_HAL_Driver/Src/stm32f4xx_ll_usb.o
                0x0000000008002baa                USB_DisableGlobalInt
 .text.USB_SetCurrentMode
                0x0000000008002bcc       0x54 Drivers/STM32F4xx_HAL_Driver/Src/stm32f4xx_ll_usb.o
                0x0000000008002bcc                USB_SetCurrentMode
 .text.USB_DevInit
                0x0000000008002c20      0x2c8 Drivers/STM32F4xx_HAL_Driver/Src/stm32f4xx_ll_usb.o
                0x0000000008002c20                USB_DevInit
 .text.USB_FlushTxFifo
                0x0000000008002ee8       0x4c Drivers/STM32F4xx_HAL_Driver/Src/stm32f4xx_ll_usb.o
                0x0000000008002ee8                USB_FlushTxFifo
 .text.USB_FlushRxFifo
                0x0000000008002f34       0x44 Drivers/STM32F4xx_HAL_Driver/Src/stm32f4xx_ll_usb.o
                0x0000000008002f34                USB_FlushRxFifo
 .text.USB_SetDevSpeed
                0x0000000008002f78       0x32 Drivers/STM32F4xx_HAL_Driver/Src/stm32f4xx_ll_usb.o
                0x0000000008002f78                USB_SetDevSpeed
 .text.USB_GetDevSpeed
                0x0000000008002faa       0x4a Drivers/STM32F4xx_HAL_Driver/Src/stm32f4xx_ll_usb.o
                0x0000000008002faa                USB_GetDevSpeed
 .text.USB_ActivateEndpoint
                0x0000000008002ff4      0x10e Drivers/STM32F4xx_HAL_Driver/Src/stm32f4xx_ll_usb.o
                0x0000000008002ff4                USB_ActivateEndpoint
 *fill*         0x0000000008003102        0x2 
 .text.USB_DeactivateEndpoint
                0x0000000008003104      0x1b8 Drivers/STM32F4xx_HAL_Driver/Src/stm32f4xx_ll_usb.o
                0x0000000008003104                USB_DeactivateEndpoint
 .text.USB_EPStartXfer
                0x00000000080032bc      0x488 Drivers/STM32F4xx_HAL_Driver/Src/stm32f4xx_ll_usb.o
                0x00000000080032bc                USB_EPStartXfer
 .text.USB_EP0StartXfer
                0x0000000008003744      0x2a6 Drivers/STM32F4xx_HAL_Driver/Src/stm32f4xx_ll_usb.o
                0x0000000008003744                USB_EP0StartXfer
 .text.USB_WritePacket
                0x00000000080039ea       0x6a Drivers/STM32F4xx_HAL_Driver/Src/stm32f4xx_ll_usb.o
                0x00000000080039ea                USB_WritePacket
 .text.USB_ReadPacket
                0x0000000008003a54       0x52 Drivers/STM32F4xx_HAL_Driver/Src/stm32f4xx_ll_usb.o
                0x0000000008003a54                USB_ReadPacket
 .text.USB_EPSetStall
                0x0000000008003aa6       0xdc Drivers/STM32F4xx_HAL_Driver/Src/stm32f4xx_ll_usb.o
                0x0000000008003aa6                USB_EPSetStall
 .text.USB_EPClearStall
                0x0000000008003b82       0xcc Drivers/STM32F4xx_HAL_Driver/Src/stm32f4xx_ll_usb.o
                0x0000000008003b82                USB_EPClearStall
 .text.USB_SetDevAddress
                0x0000000008003c4e       0x4c Drivers/STM32F4xx_HAL_Driver/Src/stm32f4xx_ll_usb.o
                0x0000000008003c4e                USB_SetDevAddress
 .text.USB_DevConnect
                0x0000000008003c9a       0x42 Drivers/STM32F4xx_HAL_Driver/Src/stm32f4xx_ll_usb.o
                0x0000000008003c9a                USB_DevConnect
 .text.USB_DevDisconnect
                0x0000000008003cdc       0x42 Drivers/STM32F4xx_HAL_Driver/Src/stm32f4xx_ll_usb.o
                0x0000000008003cdc                USB_DevDisconnect
 .text.USB_ReadInterrupts
                0x0000000008003d1e       0x26 Drivers/STM32F4xx_HAL_Driver/Src/stm32f4xx_ll_usb.o
                0x0000000008003d1e                USB_ReadInterrupts
 .text.USB_ReadDevAllOutEpInterrupt
                0x0000000008003d44       0x34 Drivers/STM32F4xx_HAL_Driver/Src/stm32f4xx_ll_usb.o
                0x0000000008003d44                USB_ReadDevAllOutEpInterrupt
 .text.USB_ReadDevAllInEpInterrupt
                0x0000000008003d78       0x34 Drivers/STM32F4xx_HAL_Driver/Src/stm32f4xx_ll_usb.o
                0x0000000008003d78                USB_ReadDevAllInEpInterrupt
 .text.USB_ReadDevOutEPInterrupt
                0x0000000008003dac       0x3c Drivers/STM32F4xx_HAL_Driver/Src/stm32f4xx_ll_usb.o
                0x0000000008003dac                USB_ReadDevOutEPInterrupt
 .text.USB_ReadDevInEPInterrupt
                0x0000000008003de8       0x5c Drivers/STM32F4xx_HAL_Driver/Src/stm32f4xx_ll_usb.o
                0x0000000008003de8                USB_ReadDevInEPInterrupt
 .text.USB_GetMode
                0x0000000008003e44       0x1c Drivers/STM32F4xx_HAL_Driver/Src/stm32f4xx_ll_usb.o
                0x0000000008003e44                USB_GetMode
 .text.USB_ActivateSetup
                0x0000000008003e60       0x46 Drivers/STM32F4xx_HAL_Driver/Src/stm32f4xx_ll_usb.o
                0x0000000008003e60                USB_ActivateSetup
 *fill*         0x0000000008003ea6        0x2 
 .text.USB_EP0_OutStart
                0x0000000008003ea8       0xbc Drivers/STM32F4xx_HAL_Driver/Src/stm32f4xx_ll_usb.o
                0x0000000008003ea8                USB_EP0_OutStart
 .text.USB_CoreReset
                0x0000000008003f64       0x68 Drivers/STM32F4xx_HAL_Driver/Src/stm32f4xx_ll_usb.o
 .text.USBD_CDC_Init
                0x0000000008003fcc       0xfe Middlewares/ST/STM32_USB_Device_Library/Class/CDC/Src/usbd_cdc.o
 .text.USBD_CDC_DeInit
                0x00000000080040ca       0x74 Middlewares/ST/STM32_USB_Device_Library/Class/CDC/Src/usbd_cdc.o
 *fill*         0x000000000800413e        0x2 
 .text.USBD_CDC_Setup
                0x0000000008004140      0x190 Middlewares/ST/STM32_USB_Device_Library/Class/CDC/Src/usbd_cdc.o
 .text.USBD_CDC_DataIn
                0x00000000080042d0       0xca Middlewares/ST/STM32_USB_Device_Library/Class/CDC/Src/usbd_cdc.o
 .text.USBD_CDC_DataOut
                0x000000000800439a       0x56 Middlewares/ST/STM32_USB_Device_Library/Class/CDC/Src/usbd_cdc.o
 .text.USBD_CDC_EP0_RxReady
                0x00000000080043f0       0x5a Middlewares/ST/STM32_USB_Device_Library/Class/CDC/Src/usbd_cdc.o
 *fill*         0x000000000800444a        0x2 
 .text.USBD_CDC_GetFSCfgDesc
                0x000000000800444c       0x20 Middlewares/ST/STM32_USB_Device_Library/Class/CDC/Src/usbd_cdc.o
 .text.USBD_CDC_GetHSCfgDesc
                0x000000000800446c       0x20 Middlewares/ST/STM32_USB_Device_Library/Class/CDC/Src/usbd_cdc.o
 .text.USBD_CDC_GetOtherSpeedCfgDesc
                0x000000000800448c       0x20 Middlewares/ST/STM32_USB_Device_Library/Class/CDC/Src/usbd_cdc.o
 .text.USBD_CDC_GetDeviceQualifierDescriptor
                0x00000000080044ac       0x20 Middlewares/ST/STM32_USB_Device_Library/Class/CDC/Src/usbd_cdc.o
                0x00000000080044ac                USBD_CDC_GetDeviceQualifierDescriptor
 .text.USBD_CDC_RegisterInterface
                0x00000000080044cc       0x2a Middlewares/ST/STM32_USB_Device_Library/Class/CDC/Src/usbd_cdc.o
                0x00000000080044cc                USBD_CDC_RegisterInterface
 .text.USBD_CDC_SetTxBuffer
                0x00000000080044f6       0x3c Middlewares/ST/STM32_USB_Device_Library/Class/CDC/Src/usbd_cdc.o
                0x00000000080044f6                USBD_CDC_SetTxBuffer
 .text.USBD_CDC_SetRxBuffer
                0x0000000008004532       0x32 Middlewares/ST/STM32_USB_Device_Library/Class/CDC/Src/usbd_cdc.o
                0x0000000008004532                USBD_CDC_SetRxBuffer
 .text.USBD_CDC_TransmitPacket
                0x0000000008004564       0x60 Middlewares/ST/STM32_USB_Device_Library/Class/CDC/Src/usbd_cdc.o
                0x0000000008004564                USBD_CDC_TransmitPacket
 .text.USBD_CDC_ReceivePacket
                0x00000000080045c4       0x54 Middlewares/ST/STM32_USB_Device_Library/Class/CDC/Src/usbd_cdc.o
                0x00000000080045c4                USBD_CDC_ReceivePacket
 .text.USBD_Init
                0x0000000008004618       0x60 Middlewares/ST/STM32_USB_Device_Library/Core/Src/usbd_core.o
                0x0000000008004618                USBD_Init
 .text.USBD_RegisterClass
                0x0000000008004678       0x4e Middlewares/ST/STM32_USB_Device_Library/Core/Src/usbd_core.o
                0x0000000008004678                USBD_RegisterClass
 .text.USBD_Start
                0x00000000080046c6       0x18 Middlewares/ST/STM32_USB_Device_Library/Core/Src/usbd_core.o
                0x00000000080046c6                USBD_Start
 .text.USBD_RunTestMode
                0x00000000080046de       0x16 Middlewares/ST/STM32_USB_Device_Library/Core/Src/usbd_core.o
                0x00000000080046de                USBD_RunTestMode
 .text.USBD_SetClassConfig
                0x00000000080046f4       0x38 Middlewares/ST/STM32_USB_Device_Library/Core/Src/usbd_core.o
                0x00000000080046f4                USBD_SetClassConfig
 .text.USBD_ClrClassConfig
                0x000000000800472c       0x30 Middlewares/ST/STM32_USB_Device_Library/Core/Src/usbd_core.o
                0x000000000800472c                USBD_ClrClassConfig
 .text.USBD_LL_SetupStage
                0x000000000800475c       0xaa Middlewares/ST/STM32_USB_Device_Library/Core/Src/usbd_core.o
                0x000000000800475c                USBD_LL_SetupStage
 .text.USBD_LL_DataOutStage
                0x0000000008004806       0xc6 Middlewares/ST/STM32_USB_Device_Library/Core/Src/usbd_core.o
                0x0000000008004806                USBD_LL_DataOutStage
 .text.USBD_LL_DataInStage
                0x00000000080048cc      0x12c Middlewares/ST/STM32_USB_Device_Library/Core/Src/usbd_core.o
                0x00000000080048cc                USBD_LL_DataInStage
 .text.USBD_LL_Reset
                0x00000000080049f8       0x9c Middlewares/ST/STM32_USB_Device_Library/Core/Src/usbd_core.o
                0x00000000080049f8                USBD_LL_Reset
 .text.USBD_LL_SetSpeed
                0x0000000008004a94       0x20 Middlewares/ST/STM32_USB_Device_Library/Core/Src/usbd_core.o
                0x0000000008004a94                USBD_LL_SetSpeed
 .text.USBD_LL_Suspend
                0x0000000008004ab4       0x2c Middlewares/ST/STM32_USB_Device_Library/Core/Src/usbd_core.o
                0x0000000008004ab4                USBD_LL_Suspend
 .text.USBD_LL_Resume
                0x0000000008004ae0       0x30 Middlewares/ST/STM32_USB_Device_Library/Core/Src/usbd_core.o
                0x0000000008004ae0                USBD_LL_Resume
 .text.USBD_LL_SOF
                0x0000000008004b10       0x44 Middlewares/ST/STM32_USB_Device_Library/Core/Src/usbd_core.o
                0x0000000008004b10                USBD_LL_SOF
 .text.USBD_LL_IsoINIncomplete
                0x0000000008004b54       0x4c Middlewares/ST/STM32_USB_Device_Library/Core/Src/usbd_core.o
                0x0000000008004b54                USBD_LL_IsoINIncomplete
 .text.USBD_LL_IsoOUTIncomplete
                0x0000000008004ba0       0x4c Middlewares/ST/STM32_USB_Device_Library/Core/Src/usbd_core.o
                0x0000000008004ba0                USBD_LL_IsoOUTIncomplete
 .text.USBD_LL_DevConnected
                0x0000000008004bec       0x16 Middlewares/ST/STM32_USB_Device_Library/Core/Src/usbd_core.o
                0x0000000008004bec                USBD_LL_DevConnected
 .text.USBD_LL_DevDisconnected
                0x0000000008004c02       0x38 Middlewares/ST/STM32_USB_Device_Library/Core/Src/usbd_core.o
                0x0000000008004c02                USBD_LL_DevDisconnected
 .text.SWAPBYTE
                0x0000000008004c3a       0x3c Middlewares/ST/STM32_USB_Device_Library/Core/Src/usbd_ctlreq.o
 *fill*         0x0000000008004c76        0x2 
 .text.USBD_StdDevReq
                0x0000000008004c78       0xdc Middlewares/ST/STM32_USB_Device_Library/Core/Src/usbd_ctlreq.o
                0x0000000008004c78                USBD_StdDevReq
 .text.USBD_StdItfReq
                0x0000000008004d54       0x92 Middlewares/ST/STM32_USB_Device_Library/Core/Src/usbd_ctlreq.o
                0x0000000008004d54                USBD_StdItfReq
 .text.USBD_StdEPReq
                0x0000000008004de6      0x2c4 Middlewares/ST/STM32_USB_Device_Library/Core/Src/usbd_ctlreq.o
                0x0000000008004de6                USBD_StdEPReq
 *fill*         0x00000000080050aa        0x2 
 .text.USBD_GetDescriptor
                0x00000000080050ac      0x2d4 Middlewares/ST/STM32_USB_Device_Library/Core/Src/usbd_ctlreq.o
 .text.USBD_SetAddress
                0x0000000008005380       0x88 Middlewares/ST/STM32_USB_Device_Library/Core/Src/usbd_ctlreq.o
 .text.USBD_SetConfig
                0x0000000008005408      0x14c Middlewares/ST/STM32_USB_Device_Library/Core/Src/usbd_ctlreq.o
 .text.USBD_GetConfig
                0x0000000008005554       0x6c Middlewares/ST/STM32_USB_Device_Library/Core/Src/usbd_ctlreq.o
 .text.USBD_GetStatus
                0x00000000080055c0       0x68 Middlewares/ST/STM32_USB_Device_Library/Core/Src/usbd_ctlreq.o
 .text.USBD_SetFeature
                0x0000000008005628       0x28 Middlewares/ST/STM32_USB_Device_Library/Core/Src/usbd_ctlreq.o
 .text.USBD_ClrFeature
                0x0000000008005650       0x44 Middlewares/ST/STM32_USB_Device_Library/Core/Src/usbd_ctlreq.o
 .text.USBD_ParseSetupRequest
                0x0000000008005694       0x74 Middlewares/ST/STM32_USB_Device_Library/Core/Src/usbd_ctlreq.o
                0x0000000008005694                USBD_ParseSetupRequest
 .text.USBD_CtlError
                0x0000000008005708       0x22 Middlewares/ST/STM32_USB_Device_Library/Core/Src/usbd_ctlreq.o
                0x0000000008005708                USBD_CtlError
 .text.USBD_GetString
                0x000000000800572a       0x8c Middlewares/ST/STM32_USB_Device_Library/Core/Src/usbd_ctlreq.o
                0x000000000800572a                USBD_GetString
 .text.USBD_GetLen
                0x00000000080057b6       0x34 Middlewares/ST/STM32_USB_Device_Library/Core/Src/usbd_ctlreq.o
 .text.USBD_CtlSendData
                0x00000000080057ea       0x36 Middlewares/ST/STM32_USB_Device_Library/Core/Src/usbd_ioreq.o
                0x00000000080057ea                USBD_CtlSendData
 .text.USBD_CtlContinueSendData
                0x0000000008005820       0x22 Middlewares/ST/STM32_USB_Device_Library/Core/Src/usbd_ioreq.o
                0x0000000008005820                USBD_CtlContinueSendData
 .text.USBD_CtlPrepareRx
                0x0000000008005842       0x3a Middlewares/ST/STM32_USB_Device_Library/Core/Src/usbd_ioreq.o
                0x0000000008005842                USBD_CtlPrepareRx
 .text.USBD_CtlContinueRx
                0x000000000800587c       0x22 Middlewares/ST/STM32_USB_Device_Library/Core/Src/usbd_ioreq.o
                0x000000000800587c                USBD_CtlContinueRx
 .text.USBD_CtlSendStatus
                0x000000000800589e       0x26 Middlewares/ST/STM32_USB_Device_Library/Core/Src/usbd_ioreq.o
                0x000000000800589e                USBD_CtlSendStatus
 .text.USBD_CtlReceiveStatus
                0x00000000080058c4       0x26 Middlewares/ST/STM32_USB_Device_Library/Core/Src/usbd_ioreq.o
                0x00000000080058c4                USBD_CtlReceiveStatus
 *fill*         0x00000000080058ea        0x2 
 .text.MX_USB_DEVICE_Init
                0x00000000080058ec       0x60 USB_DEVICE/App/usb_device.o
                0x00000000080058ec                MX_USB_DEVICE_Init
 .text.CDC_Init_FS
                0x000000000800594c       0x28 USB_DEVICE/App/usbd_cdc_if.o
 .text.CDC_DeInit_FS
                0x0000000008005974       0x10 USB_DEVICE/App/usbd_cdc_if.o
 .text.CDC_Control_FS
                0x0000000008005984       0xbc USB_DEVICE/App/usbd_cdc_if.o
 .text.CDC_Receive_FS
                0x0000000008005a40       0x28 USB_DEVICE/App/usbd_cdc_if.o
 .text.CDC_Transmit_FS
                0x0000000008005a68       0x4c USB_DEVICE/App/usbd_cdc_if.o
                0x0000000008005a68                CDC_Transmit_FS
 .text.CDC_TransmitCplt_FS
                0x0000000008005ab4       0x22 USB_DEVICE/App/usbd_cdc_if.o
 *fill*         0x0000000008005ad6        0x2 
 .text.USBD_FS_DeviceDescriptor
                0x0000000008005ad8       0x24 USB_DEVICE/App/usbd_desc.o
                0x0000000008005ad8                USBD_FS_DeviceDescriptor
 .text.USBD_FS_LangIDStrDescriptor
                0x0000000008005afc       0x24 USB_DEVICE/App/usbd_desc.o
                0x0000000008005afc                USBD_FS_LangIDStrDescriptor
 .text.USBD_FS_ProductStrDescriptor
                0x0000000008005b20       0x3c USB_DEVICE/App/usbd_desc.o
                0x0000000008005b20                USBD_FS_ProductStrDescriptor
 .text.USBD_FS_ManufacturerStrDescriptor
                0x0000000008005b5c       0x28 USB_DEVICE/App/usbd_desc.o
                0x0000000008005b5c                USBD_FS_ManufacturerStrDescriptor
 .text.USBD_FS_SerialStrDescriptor
                0x0000000008005b84       0x24 USB_DEVICE/App/usbd_desc.o
                0x0000000008005b84                USBD_FS_SerialStrDescriptor
 .text.USBD_FS_ConfigStrDescriptor
                0x0000000008005ba8       0x3c USB_DEVICE/App/usbd_desc.o
                0x0000000008005ba8                USBD_FS_ConfigStrDescriptor
 .text.USBD_FS_InterfaceStrDescriptor
                0x0000000008005be4       0x3c USB_DEVICE/App/usbd_desc.o
                0x0000000008005be4                USBD_FS_InterfaceStrDescriptor
 .text.Get_SerialNum
                0x0000000008005c20       0x58 USB_DEVICE/App/usbd_desc.o
 .text.IntToUnicode
                0x0000000008005c78       0x7e USB_DEVICE/App/usbd_desc.o
 *fill*         0x0000000008005cf6        0x2 
 .text.HAL_PCD_MspInit
                0x0000000008005cf8       0xa8 USB_DEVICE/Target/usbd_conf.o
                0x0000000008005cf8                HAL_PCD_MspInit
 .text.HAL_PCD_SetupStageCallback
                0x0000000008005da0       0x24 USB_DEVICE/Target/usbd_conf.o
                0x0000000008005da0                HAL_PCD_SetupStageCallback
 .text.HAL_PCD_DataOutStageCallback
                0x0000000008005dc4       0x36 USB_DEVICE/Target/usbd_conf.o
                0x0000000008005dc4                HAL_PCD_DataOutStageCallback
 .text.HAL_PCD_DataInStageCallback
                0x0000000008005dfa       0x34 USB_DEVICE/Target/usbd_conf.o
                0x0000000008005dfa                HAL_PCD_DataInStageCallback
 .text.HAL_PCD_SOFCallback
                0x0000000008005e2e       0x1c USB_DEVICE/Target/usbd_conf.o
                0x0000000008005e2e                HAL_PCD_SOFCallback
 .text.HAL_PCD_ResetCallback
                0x0000000008005e4a       0x50 USB_DEVICE/Target/usbd_conf.o
                0x0000000008005e4a                HAL_PCD_ResetCallback
 *fill*         0x0000000008005e9a        0x2 
 .text.HAL_PCD_SuspendCallback
                0x0000000008005e9c       0x4c USB_DEVICE/Target/usbd_conf.o
                0x0000000008005e9c                HAL_PCD_SuspendCallback
 .text.HAL_PCD_ResumeCallback
                0x0000000008005ee8       0x1c USB_DEVICE/Target/usbd_conf.o
                0x0000000008005ee8                HAL_PCD_ResumeCallback
 .text.HAL_PCD_ISOOUTIncompleteCallback
                0x0000000008005f04       0x24 USB_DEVICE/Target/usbd_conf.o
                0x0000000008005f04                HAL_PCD_ISOOUTIncompleteCallback
 .text.HAL_PCD_ISOINIncompleteCallback
                0x0000000008005f28       0x24 USB_DEVICE/Target/usbd_conf.o
                0x0000000008005f28                HAL_PCD_ISOINIncompleteCallback
 .text.HAL_PCD_ConnectCallback
                0x0000000008005f4c       0x1c USB_DEVICE/Target/usbd_conf.o
                0x0000000008005f4c                HAL_PCD_ConnectCallback
 .text.HAL_PCD_DisconnectCallback
                0x0000000008005f68       0x1c USB_DEVICE/Target/usbd_conf.o
                0x0000000008005f68                HAL_PCD_DisconnectCallback
 .text.USBD_LL_Init
                0x0000000008005f84       0x98 USB_DEVICE/Target/usbd_conf.o
                0x0000000008005f84                USBD_LL_Init
 .text.USBD_LL_Start
                0x000000000800601c       0x36 USB_DEVICE/Target/usbd_conf.o
                0x000000000800601c                USBD_LL_Start
 .text.USBD_LL_OpenEP
                0x0000000008006052       0x4c USB_DEVICE/Target/usbd_conf.o
                0x0000000008006052                USBD_LL_OpenEP
 .text.USBD_LL_CloseEP
                0x000000000800609e       0x3e USB_DEVICE/Target/usbd_conf.o
                0x000000000800609e                USBD_LL_CloseEP
 .text.USBD_LL_StallEP
                0x00000000080060dc       0x3e USB_DEVICE/Target/usbd_conf.o
                0x00000000080060dc                USBD_LL_StallEP
 .text.USBD_LL_ClearStallEP
                0x000000000800611a       0x3e USB_DEVICE/Target/usbd_conf.o
                0x000000000800611a                USBD_LL_ClearStallEP
 .text.USBD_LL_IsStallEP
                0x0000000008006158       0x58 USB_DEVICE/Target/usbd_conf.o
                0x0000000008006158                USBD_LL_IsStallEP
 .text.USBD_LL_SetUSBAddress
                0x00000000080061b0       0x3e USB_DEVICE/Target/usbd_conf.o
                0x00000000080061b0                USBD_LL_SetUSBAddress
 .text.USBD_LL_Transmit
                0x00000000080061ee       0x42 USB_DEVICE/Target/usbd_conf.o
                0x00000000080061ee                USBD_LL_Transmit
 .text.USBD_LL_PrepareReceive
                0x0000000008006230       0x42 USB_DEVICE/Target/usbd_conf.o
                0x0000000008006230                USBD_LL_PrepareReceive
 .text.USBD_LL_GetRxDataSize
                0x0000000008006272       0x26 USB_DEVICE/Target/usbd_conf.o
                0x0000000008006272                USBD_LL_GetRxDataSize
 .text.USBD_static_malloc
                0x0000000008006298       0x1c USB_DEVICE/Target/usbd_conf.o
                0x0000000008006298                USBD_static_malloc
 .text.USBD_static_free
                0x00000000080062b4       0x14 USB_DEVICE/Target/usbd_conf.o
                0x00000000080062b4                USBD_static_free
 .text.USBD_Get_USB_Status
                0x00000000080062c8       0x58 USB_DEVICE/Target/usbd_conf.o
                0x00000000080062c8                USBD_Get_USB_Status
 .text.__libc_init_array
                0x0000000008006320       0x48 c:/st/stm32cubeide_1.6.1/stm32cubeide/plugins/com.st.stm32cube.ide.mcu.externaltools.gnu-tools-for-stm32.9-2020-q2-update.win32_1.5.0.202011040924/tools/bin/../lib/gcc/arm-none-eabi/9.3.1/../../../../arm-none-eabi/lib/thumb/v7e-m+fp/hard\libc_nano.a(lib_a-init.o)
                0x0000000008006320                __libc_init_array
 .text.memset   0x0000000008006368       0x10 c:/st/stm32cubeide_1.6.1/stm32cubeide/plugins/com.st.stm32cube.ide.mcu.externaltools.gnu-tools-for-stm32.9-2020-q2-update.win32_1.5.0.202011040924/tools/bin/../lib/gcc/arm-none-eabi/9.3.1/../../../../arm-none-eabi/lib/thumb/v7e-m+fp/hard\libc_nano.a(lib_a-memset.o)
                0x0000000008006368                memset
 *(.glue_7)
 .glue_7        0x0000000008006378        0x0 linker stubs
 *(.glue_7t)
 .glue_7t       0x0000000008006378        0x0 linker stubs
 *(.eh_frame)
 .eh_frame      0x0000000008006378        0x0 c:/st/stm32cubeide_1.6.1/stm32cubeide/plugins/com.st.stm32cube.ide.mcu.externaltools.gnu-tools-for-stm32.9-2020-q2-update.win32_1.5.0.202011040924/tools/bin/../lib/gcc/arm-none-eabi/9.3.1/thumb/v7e-m+fp/hard/crtbegin.o
 *(.init)
 .init          0x0000000008006378        0x4 c:/st/stm32cubeide_1.6.1/stm32cubeide/plugins/com.st.stm32cube.ide.mcu.externaltools.gnu-tools-for-stm32.9-2020-q2-update.win32_1.5.0.202011040924/tools/bin/../lib/gcc/arm-none-eabi/9.3.1/thumb/v7e-m+fp/hard/crti.o
                0x0000000008006378                _init
 .init          0x000000000800637c        0x8 c:/st/stm32cubeide_1.6.1/stm32cubeide/plugins/com.st.stm32cube.ide.mcu.externaltools.gnu-tools-for-stm32.9-2020-q2-update.win32_1.5.0.202011040924/tools/bin/../lib/gcc/arm-none-eabi/9.3.1/thumb/v7e-m+fp/hard/crtn.o
 *(.fini)
 .fini          0x0000000008006384        0x4 c:/st/stm32cubeide_1.6.1/stm32cubeide/plugins/com.st.stm32cube.ide.mcu.externaltools.gnu-tools-for-stm32.9-2020-q2-update.win32_1.5.0.202011040924/tools/bin/../lib/gcc/arm-none-eabi/9.3.1/thumb/v7e-m+fp/hard/crti.o
                0x0000000008006384                _fini
 .fini          0x0000000008006388        0x8 c:/st/stm32cubeide_1.6.1/stm32cubeide/plugins/com.st.stm32cube.ide.mcu.externaltools.gnu-tools-for-stm32.9-2020-q2-update.win32_1.5.0.202011040924/tools/bin/../lib/gcc/arm-none-eabi/9.3.1/thumb/v7e-m+fp/hard/crtn.o
                0x0000000008006390                . = ALIGN (0x4)
                0x0000000008006390                _etext = .

.vfp11_veneer   0x0000000008006390        0x0
 .vfp11_veneer  0x0000000008006390        0x0 linker stubs

.v4_bx          0x0000000008006390        0x0
 .v4_bx         0x0000000008006390        0x0 linker stubs

.iplt           0x0000000008006390        0x0
 .iplt          0x0000000008006390        0x0 c:/st/stm32cubeide_1.6.1/stm32cubeide/plugins/com.st.stm32cube.ide.mcu.externaltools.gnu-tools-for-stm32.9-2020-q2-update.win32_1.5.0.202011040924/tools/bin/../lib/gcc/arm-none-eabi/9.3.1/thumb/v7e-m+fp/hard/crtbegin.o

.rodata         0x0000000008006390       0x58
                0x0000000008006390                . = ALIGN (0x4)
 *(.rodata)
 .rodata        0x0000000008006390       0x46 USB_DEVICE/App/usbd_desc.o
 *(.rodata*)
 *fill*         0x00000000080063d6        0x2 
 .rodata.AHBPrescTable
                0x00000000080063d8       0x10 Core/Src/system_stm32f4xx.o
                0x00000000080063d8                AHBPrescTable
                0x00000000080063e8                . = ALIGN (0x4)

.ARM.extab      0x00000000080063e8        0x0
                0x00000000080063e8                . = ALIGN (0x4)
 *(.ARM.extab* .gnu.linkonce.armextab.*)
                0x00000000080063e8                . = ALIGN (0x4)

.ARM            0x00000000080063e8        0x8
                0x00000000080063e8                . = ALIGN (0x4)
                0x00000000080063e8                __exidx_start = .
 *(.ARM.exidx*)
 .ARM.exidx     0x00000000080063e8        0x8 c:/st/stm32cubeide_1.6.1/stm32cubeide/plugins/com.st.stm32cube.ide.mcu.externaltools.gnu-tools-for-stm32.9-2020-q2-update.win32_1.5.0.202011040924/tools/bin/../lib/gcc/arm-none-eabi/9.3.1/thumb/v7e-m+fp/hard\libgcc.a(_udivmoddi4.o)
                0x00000000080063f0                __exidx_end = .
                0x00000000080063f0                . = ALIGN (0x4)

.rel.dyn        0x00000000080063f0        0x0
 .rel.iplt      0x00000000080063f0        0x0 c:/st/stm32cubeide_1.6.1/stm32cubeide/plugins/com.st.stm32cube.ide.mcu.externaltools.gnu-tools-for-stm32.9-2020-q2-update.win32_1.5.0.202011040924/tools/bin/../lib/gcc/arm-none-eabi/9.3.1/thumb/v7e-m+fp/hard/crtbegin.o

.preinit_array  0x00000000080063f0        0x0
                0x00000000080063f0                . = ALIGN (0x4)
                0x00000000080063f0                PROVIDE (__preinit_array_start = .)
 *(.preinit_array*)
                0x00000000080063f0                PROVIDE (__preinit_array_end = .)
                0x00000000080063f0                . = ALIGN (0x4)

.init_array     0x00000000080063f0        0x4
                0x00000000080063f0                . = ALIGN (0x4)
                0x00000000080063f0                PROVIDE (__init_array_start = .)
 *(SORT_BY_NAME(.init_array.*))
 *(.init_array*)
 .init_array    0x00000000080063f0        0x4 c:/st/stm32cubeide_1.6.1/stm32cubeide/plugins/com.st.stm32cube.ide.mcu.externaltools.gnu-tools-for-stm32.9-2020-q2-update.win32_1.5.0.202011040924/tools/bin/../lib/gcc/arm-none-eabi/9.3.1/thumb/v7e-m+fp/hard/crtbegin.o
                0x00000000080063f4                PROVIDE (__init_array_end = .)
                0x00000000080063f4                . = ALIGN (0x4)

.fini_array     0x00000000080063f4        0x4
                0x00000000080063f4                . = ALIGN (0x4)
                [!provide]                        PROVIDE (__fini_array_start = .)
 *(SORT_BY_NAME(.fini_array.*))
 *(.fini_array*)
 .fini_array    0x00000000080063f4        0x4 c:/st/stm32cubeide_1.6.1/stm32cubeide/plugins/com.st.stm32cube.ide.mcu.externaltools.gnu-tools-for-stm32.9-2020-q2-update.win32_1.5.0.202011040924/tools/bin/../lib/gcc/arm-none-eabi/9.3.1/thumb/v7e-m+fp/hard/crtbegin.o
                [!provide]                        PROVIDE (__fini_array_end = .)
                0x00000000080063f8                . = ALIGN (0x4)
                0x00000000080063f8                _sidata = LOADADDR (.data)

.data           0x0000000020000000      0x1a0 load address 0x00000000080063f8
                0x0000000020000000                . = ALIGN (0x4)
                0x0000000020000000                _sdata = .
 *(.data)
 *(.data*)
 .data.Buf      0x0000000020000000       0x1e Core/Src/main.o
                0x0000000020000000                Buf
 *fill*         0x000000002000001e        0x2 
 .data.SystemCoreClock
                0x0000000020000020        0x4 Core/Src/system_stm32f4xx.o
                0x0000000020000020                SystemCoreClock
 .data.uwTickPrio
                0x0000000020000024        0x4 Drivers/STM32F4xx_HAL_Driver/Src/stm32f4xx_hal.o
                0x0000000020000024                uwTickPrio
 .data.uwTickFreq
                0x0000000020000028        0x1 Drivers/STM32F4xx_HAL_Driver/Src/stm32f4xx_hal.o
                0x0000000020000028                uwTickFreq
 *fill*         0x0000000020000029        0x3 
 .data.USBD_CDC_DeviceQualifierDesc
                0x000000002000002c        0xa Middlewares/ST/STM32_USB_Device_Library/Class/CDC/Src/usbd_cdc.o
 *fill*         0x0000000020000036        0x2 
 .data.USBD_CDC
                0x0000000020000038       0x38 Middlewares/ST/STM32_USB_Device_Library/Class/CDC/Src/usbd_cdc.o
                0x0000000020000038                USBD_CDC
 .data.USBD_CDC_CfgHSDesc
                0x0000000020000070       0x43 Middlewares/ST/STM32_USB_Device_Library/Class/CDC/Src/usbd_cdc.o
 *fill*         0x00000000200000b3        0x1 
 .data.USBD_CDC_CfgFSDesc
                0x00000000200000b4       0x43 Middlewares/ST/STM32_USB_Device_Library/Class/CDC/Src/usbd_cdc.o
 *fill*         0x00000000200000f7        0x1 
 .data.USBD_CDC_OtherSpeedCfgDesc
                0x00000000200000f8       0x43 Middlewares/ST/STM32_USB_Device_Library/Class/CDC/Src/usbd_cdc.o
 *fill*         0x000000002000013b        0x1 
 .data.USBD_Interface_fops_FS
                0x000000002000013c       0x14 USB_DEVICE/App/usbd_cdc_if.o
                0x000000002000013c                USBD_Interface_fops_FS
 .data.FS_Desc  0x0000000020000150       0x1c USB_DEVICE/App/usbd_desc.o
                0x0000000020000150                FS_Desc
 .data.USBD_FS_DeviceDesc
                0x000000002000016c       0x12 USB_DEVICE/App/usbd_desc.o
                0x000000002000016c                USBD_FS_DeviceDesc
 *fill*         0x000000002000017e        0x2 
 .data.USBD_LangIDDesc
                0x0000000020000180        0x4 USB_DEVICE/App/usbd_desc.o
                0x0000000020000180                USBD_LangIDDesc
 .data.USBD_StringSerial
                0x0000000020000184       0x1a USB_DEVICE/App/usbd_desc.o
                0x0000000020000184                USBD_StringSerial
 *(.RamFunc)
 *(.RamFunc*)
                0x00000000200001a0                . = ALIGN (0x4)
 *fill*         0x000000002000019e        0x2 
                0x00000000200001a0                _edata = .

.igot.plt       0x00000000200001a0        0x0 load address 0x0000000008006598
 .igot.plt      0x00000000200001a0        0x0 c:/st/stm32cubeide_1.6.1/stm32cubeide/plugins/com.st.stm32cube.ide.mcu.externaltools.gnu-tools-for-stm32.9-2020-q2-update.win32_1.5.0.202011040924/tools/bin/../lib/gcc/arm-none-eabi/9.3.1/thumb/v7e-m+fp/hard/crtbegin.o
                0x00000000200001a0                . = ALIGN (0x4)

.bss            0x00000000200001a0     0x1b1c load address 0x0000000008006598
                0x00000000200001a0                _sbss = .
                0x00000000200001a0                __bss_start__ = _sbss
 *(.bss)
 .bss           0x00000000200001a0       0x1c c:/st/stm32cubeide_1.6.1/stm32cubeide/plugins/com.st.stm32cube.ide.mcu.externaltools.gnu-tools-for-stm32.9-2020-q2-update.win32_1.5.0.202011040924/tools/bin/../lib/gcc/arm-none-eabi/9.3.1/thumb/v7e-m+fp/hard/crtbegin.o
 *(.bss*)
 .bss.cfgidx.9918
                0x00000000200001bc        0x1 Middlewares/ST/STM32_USB_Device_Library/Core/Src/usbd_ctlreq.o
 *fill*         0x00000000200001bd        0x3 
 .bss.mem.9987  0x00000000200001c0      0x220 USB_DEVICE/Target/usbd_conf.o
 *(COMMON)
 COMMON         0x00000000200003e0        0x4 Drivers/STM32F4xx_HAL_Driver/Src/stm32f4xx_hal.o
                0x00000000200003e0                uwTick
 COMMON         0x00000000200003e4      0x2d0 USB_DEVICE/App/usb_device.o
                0x00000000200003e4                hUsbDeviceFS
 COMMON         0x00000000200006b4     0x1000 USB_DEVICE/App/usbd_cdc_if.o
                0x00000000200006b4                UserRxBufferFS
                0x0000000020000eb4                UserTxBufferFS
 COMMON         0x00000000200016b4      0x200 USB_DEVICE/App/usbd_desc.o
                0x00000000200016b4                USBD_StrDesc
 COMMON         0x00000000200018b4      0x408 USB_DEVICE/Target/usbd_conf.o
                0x00000000200018b4                hpcd_USB_OTG_FS
                0x0000000020001cbc                . = ALIGN (0x4)
                0x0000000020001cbc                _ebss = .
                0x0000000020001cbc                __bss_end__ = _ebss

._user_heap_stack
                0x0000000020001cbc     0x6004 load address 0x0000000008006598
                0x0000000020001cc0                . = ALIGN (0x8)
 *fill*         0x0000000020001cbc        0x4 
                [!provide]                        PROVIDE (end = .)
                0x0000000020001cc0                PROVIDE (_end = .)
                0x0000000020003cc0                . = (. + _Min_Heap_Size)
 *fill*         0x0000000020001cc0     0x2000 
                0x0000000020007cc0                . = (. + _Min_Stack_Size)
 *fill*         0x0000000020003cc0     0x4000 
                0x0000000020007cc0                . = ALIGN (0x8)

/DISCARD/
 libc.a(*)
 libm.a(*)
 libgcc.a(*)

.ARM.attributes
                0x0000000000000000       0x30
 *(.ARM.attributes)
 .ARM.attributes
                0x0000000000000000       0x1e c:/st/stm32cubeide_1.6.1/stm32cubeide/plugins/com.st.stm32cube.ide.mcu.externaltools.gnu-tools-for-stm32.9-2020-q2-update.win32_1.5.0.202011040924/tools/bin/../lib/gcc/arm-none-eabi/9.3.1/thumb/v7e-m+fp/hard/crti.o
 .ARM.attributes
                0x000000000000001e       0x34 c:/st/stm32cubeide_1.6.1/stm32cubeide/plugins/com.st.stm32cube.ide.mcu.externaltools.gnu-tools-for-stm32.9-2020-q2-update.win32_1.5.0.202011040924/tools/bin/../lib/gcc/arm-none-eabi/9.3.1/thumb/v7e-m+fp/hard/crtbegin.o
 .ARM.attributes
                0x0000000000000052       0x34 Core/Src/main.o
 .ARM.attributes
                0x0000000000000086       0x34 Core/Src/stm32f4xx_hal_msp.o
 .ARM.attributes
                0x00000000000000ba       0x34 Core/Src/stm32f4xx_it.o
 .ARM.attributes
                0x00000000000000ee       0x34 Core/Src/system_stm32f4xx.o
 .ARM.attributes
                0x0000000000000122       0x21 Core/Startup/startup_stm32f407vgtx.o
 .ARM.attributes
                0x0000000000000143       0x34 Drivers/STM32F4xx_HAL_Driver/Src/stm32f4xx_hal.o
 .ARM.attributes
                0x0000000000000177       0x34 Drivers/STM32F4xx_HAL_Driver/Src/stm32f4xx_hal_cortex.o
 .ARM.attributes
                0x00000000000001ab       0x34 Drivers/STM32F4xx_HAL_Driver/Src/stm32f4xx_hal_gpio.o
 .ARM.attributes
                0x00000000000001df       0x34 Drivers/STM32F4xx_HAL_Driver/Src/stm32f4xx_hal_pcd.o
 .ARM.attributes
                0x0000000000000213       0x34 Drivers/STM32F4xx_HAL_Driver/Src/stm32f4xx_hal_pcd_ex.o
 .ARM.attributes
                0x0000000000000247       0x34 Drivers/STM32F4xx_HAL_Driver/Src/stm32f4xx_hal_rcc.o
 .ARM.attributes
                0x000000000000027b       0x34 Drivers/STM32F4xx_HAL_Driver/Src/stm32f4xx_ll_usb.o
 .ARM.attributes
                0x00000000000002af       0x34 Middlewares/ST/STM32_USB_Device_Library/Class/CDC/Src/usbd_cdc.o
 .ARM.attributes
                0x00000000000002e3       0x34 Middlewares/ST/STM32_USB_Device_Library/Core/Src/usbd_core.o
 .ARM.attributes
                0x0000000000000317       0x34 Middlewares/ST/STM32_USB_Device_Library/Core/Src/usbd_ctlreq.o
 .ARM.attributes
                0x000000000000034b       0x34 Middlewares/ST/STM32_USB_Device_Library/Core/Src/usbd_ioreq.o
 .ARM.attributes
                0x000000000000037f       0x34 USB_DEVICE/App/usb_device.o
 .ARM.attributes
                0x00000000000003b3       0x34 USB_DEVICE/App/usbd_cdc_if.o
 .ARM.attributes
                0x00000000000003e7       0x34 USB_DEVICE/App/usbd_desc.o
 .ARM.attributes
                0x000000000000041b       0x34 USB_DEVICE/Target/usbd_conf.o
 .ARM.attributes
                0x000000000000044f       0x34 c:/st/stm32cubeide_1.6.1/stm32cubeide/plugins/com.st.stm32cube.ide.mcu.externaltools.gnu-tools-for-stm32.9-2020-q2-update.win32_1.5.0.202011040924/tools/bin/../lib/gcc/arm-none-eabi/9.3.1/../../../../arm-none-eabi/lib/thumb/v7e-m+fp/hard\libc_nano.a(lib_a-init.o)
 .ARM.attributes
                0x0000000000000483       0x34 c:/st/stm32cubeide_1.6.1/stm32cubeide/plugins/com.st.stm32cube.ide.mcu.externaltools.gnu-tools-for-stm32.9-2020-q2-update.win32_1.5.0.202011040924/tools/bin/../lib/gcc/arm-none-eabi/9.3.1/../../../../arm-none-eabi/lib/thumb/v7e-m+fp/hard\libc_nano.a(lib_a-memset.o)
 .ARM.attributes
                0x00000000000004b7       0x17 c:/st/stm32cubeide_1.6.1/stm32cubeide/plugins/com.st.stm32cube.ide.mcu.externaltools.gnu-tools-for-stm32.9-2020-q2-update.win32_1.5.0.202011040924/tools/bin/../lib/gcc/arm-none-eabi/9.3.1/../../../../arm-none-eabi/lib/thumb/v7e-m+fp/hard\libc_nano.a(lib_a-strlen.o)
 .ARM.attributes
                0x00000000000004ce       0x1e c:/st/stm32cubeide_1.6.1/stm32cubeide/plugins/com.st.stm32cube.ide.mcu.externaltools.gnu-tools-for-stm32.9-2020-q2-update.win32_1.5.0.202011040924/tools/bin/../lib/gcc/arm-none-eabi/9.3.1/thumb/v7e-m+fp/hard\libgcc.a(_aeabi_uldivmod.o)
 .ARM.attributes
                0x00000000000004ec       0x34 c:/st/stm32cubeide_1.6.1/stm32cubeide/plugins/com.st.stm32cube.ide.mcu.externaltools.gnu-tools-for-stm32.9-2020-q2-update.win32_1.5.0.202011040924/tools/bin/../lib/gcc/arm-none-eabi/9.3.1/thumb/v7e-m+fp/hard\libgcc.a(_udivmoddi4.o)
 .ARM.attributes
                0x0000000000000520       0x1e c:/st/stm32cubeide_1.6.1/stm32cubeide/plugins/com.st.stm32cube.ide.mcu.externaltools.gnu-tools-for-stm32.9-2020-q2-update.win32_1.5.0.202011040924/tools/bin/../lib/gcc/arm-none-eabi/9.3.1/thumb/v7e-m+fp/hard\libgcc.a(_dvmd_tls.o)
 .ARM.attributes
                0x000000000000053e       0x1e c:/st/stm32cubeide_1.6.1/stm32cubeide/plugins/com.st.stm32cube.ide.mcu.externaltools.gnu-tools-for-stm32.9-2020-q2-update.win32_1.5.0.202011040924/tools/bin/../lib/gcc/arm-none-eabi/9.3.1/thumb/v7e-m+fp/hard/crtn.o
OUTPUT(USB_MINICOM.elf elf32-littlearm)
LOAD linker stubs
LOAD c:/st/stm32cubeide_1.6.1/stm32cubeide/plugins/com.st.stm32cube.ide.mcu.externaltools.gnu-tools-for-stm32.9-2020-q2-update.win32_1.5.0.202011040924/tools/bin/../lib/gcc/arm-none-eabi/9.3.1/../../../../arm-none-eabi/lib/thumb/v7e-m+fp/hard\libc.a
LOAD c:/st/stm32cubeide_1.6.1/stm32cubeide/plugins/com.st.stm32cube.ide.mcu.externaltools.gnu-tools-for-stm32.9-2020-q2-update.win32_1.5.0.202011040924/tools/bin/../lib/gcc/arm-none-eabi/9.3.1/../../../../arm-none-eabi/lib/thumb/v7e-m+fp/hard\libm.a
LOAD c:/st/stm32cubeide_1.6.1/stm32cubeide/plugins/com.st.stm32cube.ide.mcu.externaltools.gnu-tools-for-stm32.9-2020-q2-update.win32_1.5.0.202011040924/tools/bin/../lib/gcc/arm-none-eabi/9.3.1/thumb/v7e-m+fp/hard\libgcc.a

.debug_info     0x0000000000000000    0x127ce
 .debug_info    0x0000000000000000     0x140e Core/Src/main.o
 .debug_info    0x000000000000140e      0x394 Core/Src/stm32f4xx_hal_msp.o
 .debug_info    0x00000000000017a2      0x6db Core/Src/stm32f4xx_it.o
 .debug_info    0x0000000000001e7d      0x5a4 Core/Src/system_stm32f4xx.o
 .debug_info    0x0000000000002421       0x22 Core/Startup/startup_stm32f407vgtx.o
 .debug_info    0x0000000000002443      0x9b2 Drivers/STM32F4xx_HAL_Driver/Src/stm32f4xx_hal.o
 .debug_info    0x0000000000002df5      0xed7 Drivers/STM32F4xx_HAL_Driver/Src/stm32f4xx_hal_cortex.o
 .debug_info    0x0000000000003ccc      0x83e Drivers/STM32F4xx_HAL_Driver/Src/stm32f4xx_hal_gpio.o
 .debug_info    0x000000000000450a     0x12dd Drivers/STM32F4xx_HAL_Driver/Src/stm32f4xx_hal_pcd.o
 .debug_info    0x00000000000057e7      0x7c3 Drivers/STM32F4xx_HAL_Driver/Src/stm32f4xx_hal_pcd_ex.o
 .debug_info    0x0000000000005faa      0x996 Drivers/STM32F4xx_HAL_Driver/Src/stm32f4xx_hal_rcc.o
 .debug_info    0x0000000000006940     0x1a8c Drivers/STM32F4xx_HAL_Driver/Src/stm32f4xx_ll_usb.o
 .debug_info    0x00000000000083cc     0x198b Middlewares/ST/STM32_USB_Device_Library/Class/CDC/Src/usbd_cdc.o
 .debug_info    0x0000000000009d57     0x13a7 Middlewares/ST/STM32_USB_Device_Library/Core/Src/usbd_core.o
 .debug_info    0x000000000000b0fe     0x1373 Middlewares/ST/STM32_USB_Device_Library/Core/Src/usbd_ctlreq.o
 .debug_info    0x000000000000c471     0x1095 Middlewares/ST/STM32_USB_Device_Library/Core/Src/usbd_ioreq.o
 .debug_info    0x000000000000d506      0xffe USB_DEVICE/App/usb_device.o
 .debug_info    0x000000000000e504     0x122f USB_DEVICE/App/usbd_cdc_if.o
 .debug_info    0x000000000000f733      0xdfa USB_DEVICE/App/usbd_desc.o
 .debug_info    0x000000000001052d     0x22a1 USB_DEVICE/Target/usbd_conf.o

.debug_abbrev   0x0000000000000000     0x2d27
 .debug_abbrev  0x0000000000000000      0x29f Core/Src/main.o
 .debug_abbrev  0x000000000000029f      0x11d Core/Src/stm32f4xx_hal_msp.o
 .debug_abbrev  0x00000000000003bc      0x184 Core/Src/stm32f4xx_it.o
 .debug_abbrev  0x0000000000000540      0x145 Core/Src/system_stm32f4xx.o
 .debug_abbrev  0x0000000000000685       0x12 Core/Startup/startup_stm32f407vgtx.o
 .debug_abbrev  0x0000000000000697      0x1ed Drivers/STM32F4xx_HAL_Driver/Src/stm32f4xx_hal.o
 .debug_abbrev  0x0000000000000884      0x33c Drivers/STM32F4xx_HAL_Driver/Src/stm32f4xx_hal_cortex.o
 .debug_abbrev  0x0000000000000bc0      0x1f1 Drivers/STM32F4xx_HAL_Driver/Src/stm32f4xx_hal_gpio.o
 .debug_abbrev  0x0000000000000db1      0x2a0 Drivers/STM32F4xx_HAL_Driver/Src/stm32f4xx_hal_pcd.o
 .debug_abbrev  0x0000000000001051      0x1fb Drivers/STM32F4xx_HAL_Driver/Src/stm32f4xx_hal_pcd_ex.o
 .debug_abbrev  0x000000000000124c      0x275 Drivers/STM32F4xx_HAL_Driver/Src/stm32f4xx_hal_rcc.o
 .debug_abbrev  0x00000000000014c1      0x2a7 Drivers/STM32F4xx_HAL_Driver/Src/stm32f4xx_ll_usb.o
 .debug_abbrev  0x0000000000001768      0x2fc Middlewares/ST/STM32_USB_Device_Library/Class/CDC/Src/usbd_cdc.o
 .debug_abbrev  0x0000000000001a64      0x2b7 Middlewares/ST/STM32_USB_Device_Library/Core/Src/usbd_core.o
 .debug_abbrev  0x0000000000001d1b      0x2fc Middlewares/ST/STM32_USB_Device_Library/Core/Src/usbd_ctlreq.o
 .debug_abbrev  0x0000000000002017      0x22a Middlewares/ST/STM32_USB_Device_Library/Core/Src/usbd_ioreq.o
 .debug_abbrev  0x0000000000002241      0x204 USB_DEVICE/App/usb_device.o
 .debug_abbrev  0x0000000000002445      0x30c USB_DEVICE/App/usbd_cdc_if.o
 .debug_abbrev  0x0000000000002751      0x2aa USB_DEVICE/App/usbd_desc.o
 .debug_abbrev  0x00000000000029fb      0x32c USB_DEVICE/Target/usbd_conf.o

.debug_aranges  0x0000000000000000      0xb00
 .debug_aranges
                0x0000000000000000       0x38 Core/Src/main.o
 .debug_aranges
                0x0000000000000038       0x20 Core/Src/stm32f4xx_hal_msp.o
 .debug_aranges
                0x0000000000000058       0x68 Core/Src/stm32f4xx_it.o
 .debug_aranges
                0x00000000000000c0       0x28 Core/Src/system_stm32f4xx.o
 .debug_aranges
                0x00000000000000e8       0x28 Core/Startup/startup_stm32f407vgtx.o
 .debug_aranges
                0x0000000000000110       0xf0 Drivers/STM32F4xx_HAL_Driver/Src/stm32f4xx_hal.o
 .debug_aranges
                0x0000000000000200      0x118 Drivers/STM32F4xx_HAL_Driver/Src/stm32f4xx_hal_cortex.o
 .debug_aranges
                0x0000000000000318       0x58 Drivers/STM32F4xx_HAL_Driver/Src/stm32f4xx_hal_gpio.o
 .debug_aranges
                0x0000000000000370      0x138 Drivers/STM32F4xx_HAL_Driver/Src/stm32f4xx_hal_pcd.o
 .debug_aranges
                0x00000000000004a8       0x38 Drivers/STM32F4xx_HAL_Driver/Src/stm32f4xx_hal_pcd_ex.o
 .debug_aranges
                0x00000000000004e0       0x88 Drivers/STM32F4xx_HAL_Driver/Src/stm32f4xx_hal_rcc.o
 .debug_aranges
                0x0000000000000568      0x198 Drivers/STM32F4xx_HAL_Driver/Src/stm32f4xx_ll_usb.o
 .debug_aranges
                0x0000000000000700       0x90 Middlewares/ST/STM32_USB_Device_Library/Class/CDC/Src/usbd_cdc.o
 .debug_aranges
                0x0000000000000790       0xb8 Middlewares/ST/STM32_USB_Device_Library/Core/Src/usbd_core.o
 .debug_aranges
                0x0000000000000848       0x90 Middlewares/ST/STM32_USB_Device_Library/Core/Src/usbd_ctlreq.o
 .debug_aranges
                0x00000000000008d8       0x50 Middlewares/ST/STM32_USB_Device_Library/Core/Src/usbd_ioreq.o
 .debug_aranges
                0x0000000000000928       0x20 USB_DEVICE/App/usb_device.o
 .debug_aranges
                0x0000000000000948       0x48 USB_DEVICE/App/usbd_cdc_if.o
 .debug_aranges
                0x0000000000000990       0x60 USB_DEVICE/App/usbd_desc.o
 .debug_aranges
                0x00000000000009f0      0x110 USB_DEVICE/Target/usbd_conf.o

.debug_ranges   0x0000000000000000      0x9c8
 .debug_ranges  0x0000000000000000       0x28 Core/Src/main.o
 .debug_ranges  0x0000000000000028       0x10 Core/Src/stm32f4xx_hal_msp.o
 .debug_ranges  0x0000000000000038       0x58 Core/Src/stm32f4xx_it.o
 .debug_ranges  0x0000000000000090       0x18 Core/Src/system_stm32f4xx.o
 .debug_ranges  0x00000000000000a8       0x20 Core/Startup/startup_stm32f407vgtx.o
 .debug_ranges  0x00000000000000c8       0xe0 Drivers/STM32F4xx_HAL_Driver/Src/stm32f4xx_hal.o
 .debug_ranges  0x00000000000001a8      0x108 Drivers/STM32F4xx_HAL_Driver/Src/stm32f4xx_hal_cortex.o
 .debug_ranges  0x00000000000002b0       0x48 Drivers/STM32F4xx_HAL_Driver/Src/stm32f4xx_hal_gpio.o
 .debug_ranges  0x00000000000002f8      0x128 Drivers/STM32F4xx_HAL_Driver/Src/stm32f4xx_hal_pcd.o
 .debug_ranges  0x0000000000000420       0x28 Drivers/STM32F4xx_HAL_Driver/Src/stm32f4xx_hal_pcd_ex.o
 .debug_ranges  0x0000000000000448       0x78 Drivers/STM32F4xx_HAL_Driver/Src/stm32f4xx_hal_rcc.o
 .debug_ranges  0x00000000000004c0      0x188 Drivers/STM32F4xx_HAL_Driver/Src/stm32f4xx_ll_usb.o
 .debug_ranges  0x0000000000000648       0x80 Middlewares/ST/STM32_USB_Device_Library/Class/CDC/Src/usbd_cdc.o
 .debug_ranges  0x00000000000006c8       0xa8 Middlewares/ST/STM32_USB_Device_Library/Core/Src/usbd_core.o
 .debug_ranges  0x0000000000000770       0x80 Middlewares/ST/STM32_USB_Device_Library/Core/Src/usbd_ctlreq.o
 .debug_ranges  0x00000000000007f0       0x40 Middlewares/ST/STM32_USB_Device_Library/Core/Src/usbd_ioreq.o
 .debug_ranges  0x0000000000000830       0x10 USB_DEVICE/App/usb_device.o
 .debug_ranges  0x0000000000000840       0x38 USB_DEVICE/App/usbd_cdc_if.o
 .debug_ranges  0x0000000000000878       0x50 USB_DEVICE/App/usbd_desc.o
 .debug_ranges  0x00000000000008c8      0x100 USB_DEVICE/Target/usbd_conf.o

.debug_macro    0x0000000000000000    0x22b5c
 .debug_macro   0x0000000000000000      0x413 Core/Src/main.o
 .debug_macro   0x0000000000000413      0xaa8 Core/Src/main.o
 .debug_macro   0x0000000000000ebb      0x295 Core/Src/main.o
 .debug_macro   0x0000000000001150       0x2e Core/Src/main.o
 .debug_macro   0x000000000000117e       0x2f Core/Src/main.o
 .debug_macro   0x00000000000011ad       0x22 Core/Src/main.o
 .debug_macro   0x00000000000011cf       0x8e Core/Src/main.o
 .debug_macro   0x000000000000125d       0x51 Core/Src/main.o
 .debug_macro   0x00000000000012ae      0x103 Core/Src/main.o
 .debug_macro   0x00000000000013b1       0x6a Core/Src/main.o
 .debug_macro   0x000000000000141b      0x1df Core/Src/main.o
 .debug_macro   0x00000000000015fa       0x1c Core/Src/main.o
 .debug_macro   0x0000000000001616       0x22 Core/Src/main.o
 .debug_macro   0x0000000000001638       0xdf Core/Src/main.o
 .debug_macro   0x0000000000001717     0x102d Core/Src/main.o
 .debug_macro   0x0000000000002744      0x11f Core/Src/main.o
 .debug_macro   0x0000000000002863    0x15e3c Core/Src/main.o
 .debug_macro   0x000000000001869f       0x43 Core/Src/main.o
 .debug_macro   0x00000000000186e2     0x3659 Core/Src/main.o
 .debug_macro   0x000000000001bd3b      0x174 Core/Src/main.o
 .debug_macro   0x000000000001beaf       0x5c Core/Src/main.o
 .debug_macro   0x000000000001bf0b      0x96b Core/Src/main.o
 .debug_macro   0x000000000001c876      0x9fe Core/Src/main.o
 .debug_macro   0x000000000001d274      0x117 Core/Src/main.o
 .debug_macro   0x000000000001d38b      0x13e Core/Src/main.o
 .debug_macro   0x000000000001d4c9       0x82 Core/Src/main.o
 .debug_macro   0x000000000001d54b      0x174 Core/Src/main.o
 .debug_macro   0x000000000001d6bf      0x287 Core/Src/main.o
 .debug_macro   0x000000000001d946       0x5f Core/Src/main.o
 .debug_macro   0x000000000001d9a5      0x236 Core/Src/main.o
 .debug_macro   0x000000000001dbdb      0x12c Core/Src/main.o
 .debug_macro   0x000000000001dd07      0x21e Core/Src/main.o
 .debug_macro   0x000000000001df25       0x2e Core/Src/main.o
 .debug_macro   0x000000000001df53      0x11a Core/Src/main.o
 .debug_macro   0x000000000001e06d       0x7e Core/Src/main.o
 .debug_macro   0x000000000001e0eb       0x89 Core/Src/main.o
 .debug_macro   0x000000000001e174      0x21e Core/Src/main.o
 .debug_macro   0x000000000001e392       0xba Core/Src/main.o
 .debug_macro   0x000000000001e44c      0x12d Core/Src/main.o
 .debug_macro   0x000000000001e579       0x52 Core/Src/main.o
 .debug_macro   0x000000000001e5cb       0x18 Core/Src/main.o
 .debug_macro   0x000000000001e5e3       0x3c Core/Src/main.o
 .debug_macro   0x000000000001e61f       0x34 Core/Src/main.o
 .debug_macro   0x000000000001e653       0x16 Core/Src/main.o
 .debug_macro   0x000000000001e669       0x35 Core/Src/main.o
 .debug_macro   0x000000000001e69e      0x333 Core/Src/main.o
 .debug_macro   0x000000000001e9d1       0x10 Core/Src/main.o
 .debug_macro   0x000000000001e9e1       0x16 Core/Src/main.o
 .debug_macro   0x000000000001e9f7       0x43 Core/Src/main.o
 .debug_macro   0x000000000001ea3a       0x34 Core/Src/main.o
 .debug_macro   0x000000000001ea6e       0x10 Core/Src/main.o
 .debug_macro   0x000000000001ea7e       0x58 Core/Src/main.o
 .debug_macro   0x000000000001ead6       0x71 Core/Src/main.o
 .debug_macro   0x000000000001eb47       0x1c Core/Src/main.o
 .debug_macro   0x000000000001eb63      0x12a Core/Src/main.o
 .debug_macro   0x000000000001ec8d       0x10 Core/Src/main.o
 .debug_macro   0x000000000001ec9d       0x1c Core/Src/main.o
 .debug_macro   0x000000000001ecb9       0x52 Core/Src/main.o
 .debug_macro   0x000000000001ed0b       0x22 Core/Src/main.o
 .debug_macro   0x000000000001ed2d       0x10 Core/Src/main.o
 .debug_macro   0x000000000001ed3d       0x40 Core/Src/main.o
 .debug_macro   0x000000000001ed7d       0xd5 Core/Src/main.o
 .debug_macro   0x000000000001ee52       0x1c Core/Src/main.o
 .debug_macro   0x000000000001ee6e       0x3d Core/Src/main.o
 .debug_macro   0x000000000001eeab       0x16 Core/Src/main.o
 .debug_macro   0x000000000001eec1      0x145 Core/Src/main.o
 .debug_macro   0x000000000001f006       0x16 Core/Src/main.o
 .debug_macro   0x000000000001f01c       0x16 Core/Src/main.o
 .debug_macro   0x000000000001f032       0x29 Core/Src/main.o
 .debug_macro   0x000000000001f05b       0x16 Core/Src/main.o
 .debug_macro   0x000000000001f071       0x20 Core/Src/main.o
 .debug_macro   0x000000000001f091       0x65 Core/Src/main.o
 .debug_macro   0x000000000001f0f6      0x1ef Core/Src/main.o
 .debug_macro   0x000000000001f2e5       0x95 Core/Src/main.o
 .debug_macro   0x000000000001f37a       0x10 Core/Src/main.o
 .debug_macro   0x000000000001f38a      0x1de Core/Src/stm32f4xx_hal_msp.o
 .debug_macro   0x000000000001f568      0x1e8 Core/Src/stm32f4xx_it.o
 .debug_macro   0x000000000001f750      0x1d4 Core/Src/system_stm32f4xx.o
 .debug_macro   0x000000000001f924      0x234 Drivers/STM32F4xx_HAL_Driver/Src/stm32f4xx_hal.o
 .debug_macro   0x000000000001fb58      0x1d4 Drivers/STM32F4xx_HAL_Driver/Src/stm32f4xx_hal_cortex.o
 .debug_macro   0x000000000001fd2c      0x1da Drivers/STM32F4xx_HAL_Driver/Src/stm32f4xx_hal_gpio.o
 .debug_macro   0x000000000001ff06      0x1e0 Drivers/STM32F4xx_HAL_Driver/Src/stm32f4xx_hal_pcd.o
 .debug_macro   0x00000000000200e6      0x1d4 Drivers/STM32F4xx_HAL_Driver/Src/stm32f4xx_hal_pcd_ex.o
 .debug_macro   0x00000000000202ba      0x1f8 Drivers/STM32F4xx_HAL_Driver/Src/stm32f4xx_hal_rcc.o
 .debug_macro   0x00000000000204b2      0x1d4 Drivers/STM32F4xx_HAL_Driver/Src/stm32f4xx_ll_usb.o
 .debug_macro   0x0000000000020686      0x3f4 Middlewares/ST/STM32_USB_Device_Library/Class/CDC/Src/usbd_cdc.o
 .debug_macro   0x0000000000020a7a       0x97 Middlewares/ST/STM32_USB_Device_Library/Class/CDC/Src/usbd_cdc.o
 .debug_macro   0x0000000000020b11       0xfd Middlewares/ST/STM32_USB_Device_Library/Class/CDC/Src/usbd_cdc.o
 .debug_macro   0x0000000000020c0e       0xd9 Middlewares/ST/STM32_USB_Device_Library/Class/CDC/Src/usbd_cdc.o
 .debug_macro   0x0000000000020ce7       0x56 Middlewares/ST/STM32_USB_Device_Library/Class/CDC/Src/usbd_cdc.o
 .debug_macro   0x0000000000020d3d      0x3db Middlewares/ST/STM32_USB_Device_Library/Core/Src/usbd_core.o
 .debug_macro   0x0000000000021118      0x1f5 Middlewares/ST/STM32_USB_Device_Library/Core/Src/usbd_core.o
 .debug_macro   0x000000000002130d      0x3e5 Middlewares/ST/STM32_USB_Device_Library/Core/Src/usbd_ctlreq.o
 .debug_macro   0x00000000000216f2      0x3e1 Middlewares/ST/STM32_USB_Device_Library/Core/Src/usbd_ioreq.o
 .debug_macro   0x0000000000021ad3      0x41a USB_DEVICE/App/usb_device.o
 .debug_macro   0x0000000000021eed       0x22 USB_DEVICE/App/usb_device.o
 .debug_macro   0x0000000000021f0f       0x16 USB_DEVICE/App/usb_device.o
 .debug_macro   0x0000000000021f25      0x3ff USB_DEVICE/App/usbd_cdc_if.o
 .debug_macro   0x0000000000022324      0x41e USB_DEVICE/App/usbd_desc.o
 .debug_macro   0x0000000000022742       0x1c USB_DEVICE/App/usbd_desc.o
 .debug_macro   0x000000000002275e      0x3fe USB_DEVICE/Target/usbd_conf.o

.debug_line     0x0000000000000000     0xe67e
 .debug_line    0x0000000000000000      0xa9c Core/Src/main.o
 .debug_line    0x0000000000000a9c      0x6c5 Core/Src/stm32f4xx_hal_msp.o
 .debug_line    0x0000000000001161      0x79f Core/Src/stm32f4xx_it.o
 .debug_line    0x0000000000001900      0x746 Core/Src/system_stm32f4xx.o
 .debug_line    0x0000000000002046       0x88 Core/Startup/startup_stm32f407vgtx.o
 .debug_line    0x00000000000020ce      0x9ac Drivers/STM32F4xx_HAL_Driver/Src/stm32f4xx_hal.o
 .debug_line    0x0000000000002a7a      0xc5b Drivers/STM32F4xx_HAL_Driver/Src/stm32f4xx_hal_cortex.o
 .debug_line    0x00000000000036d5      0xb24 Drivers/STM32F4xx_HAL_Driver/Src/stm32f4xx_hal_gpio.o
 .debug_line    0x00000000000041f9     0x12f7 Drivers/STM32F4xx_HAL_Driver/Src/stm32f4xx_hal_pcd.o
 .debug_line    0x00000000000054f0      0x78f Drivers/STM32F4xx_HAL_Driver/Src/stm32f4xx_hal_pcd_ex.o
 .debug_line    0x0000000000005c7f      0xd28 Drivers/STM32F4xx_HAL_Driver/Src/stm32f4xx_hal_rcc.o
 .debug_line    0x00000000000069a7     0x187d Drivers/STM32F4xx_HAL_Driver/Src/stm32f4xx_ll_usb.o
 .debug_line    0x0000000000008224      0xd92 Middlewares/ST/STM32_USB_Device_Library/Class/CDC/Src/usbd_cdc.o
 .debug_line    0x0000000000008fb6      0xe15 Middlewares/ST/STM32_USB_Device_Library/Core/Src/usbd_core.o
 .debug_line    0x0000000000009dcb     0x1095 Middlewares/ST/STM32_USB_Device_Library/Core/Src/usbd_ctlreq.o
 .debug_line    0x000000000000ae60      0xa6c Middlewares/ST/STM32_USB_Device_Library/Core/Src/usbd_ioreq.o
 .debug_line    0x000000000000b8cc      0xa28 USB_DEVICE/App/usb_device.o
 .debug_line    0x000000000000c2f4      0xa8b USB_DEVICE/App/usbd_cdc_if.o
 .debug_line    0x000000000000cd7f      0xaf1 USB_DEVICE/App/usbd_desc.o
 .debug_line    0x000000000000d870      0xe0e USB_DEVICE/Target/usbd_conf.o

.debug_str      0x0000000000000000    0xc3790
 .debug_str     0x0000000000000000    0xc0771 Core/Src/main.o
                                      0xc0b5e (size before relaxing)
 .debug_str     0x00000000000c0771       0x2c Core/Src/stm32f4xx_hal_msp.o
                                      0xbb652 (size before relaxing)
 .debug_str     0x00000000000c079d      0x427 Core/Src/stm32f4xx_it.o
                                      0xbb995 (size before relaxing)
 .debug_str     0x00000000000c0bc4       0xaf Core/Src/system_stm32f4xx.o
                                      0xbb6c4 (size before relaxing)
 .debug_str     0x00000000000c0c73       0x36 Core/Startup/startup_stm32f407vgtx.o
                                         0x74 (size before relaxing)
 .debug_str     0x00000000000c0ca9      0xa54 Drivers/STM32F4xx_HAL_Driver/Src/stm32f4xx_hal.o
                                      0xbc1a6 (size before relaxing)
 .debug_str     0x00000000000c16fd      0x3a5 Drivers/STM32F4xx_HAL_Driver/Src/stm32f4xx_hal_cortex.o
                                      0xbbf95 (size before relaxing)
 .debug_str     0x00000000000c1aa2      0x1cd Drivers/STM32F4xx_HAL_Driver/Src/stm32f4xx_hal_gpio.o
                                      0xbb86b (size before relaxing)
 .debug_str     0x00000000000c1c6f      0x564 Drivers/STM32F4xx_HAL_Driver/Src/stm32f4xx_hal_pcd.o
                                      0xbbeae (size before relaxing)
 .debug_str     0x00000000000c21d3      0x13f Drivers/STM32F4xx_HAL_Driver/Src/stm32f4xx_hal_pcd_ex.o
                                      0xbba79 (size before relaxing)
 .debug_str     0x00000000000c2312      0x269 Drivers/STM32F4xx_HAL_Driver/Src/stm32f4xx_hal_rcc.o
                                      0xbbac6 (size before relaxing)
 .debug_str     0x00000000000c257b      0x690 Drivers/STM32F4xx_HAL_Driver/Src/stm32f4xx_ll_usb.o
                                      0xbbfcf (size before relaxing)
 .debug_str     0x00000000000c2c0b      0x2aa Middlewares/ST/STM32_USB_Device_Library/Class/CDC/Src/usbd_cdc.o
                                      0xc0e99 (size before relaxing)
 .debug_str     0x00000000000c2eb5      0x1a2 Middlewares/ST/STM32_USB_Device_Library/Core/Src/usbd_core.o
                                      0xc0725 (size before relaxing)
 .debug_str     0x00000000000c3057      0x152 Middlewares/ST/STM32_USB_Device_Library/Core/Src/usbd_ctlreq.o
                                      0xc06e3 (size before relaxing)
 .debug_str     0x00000000000c31a9       0xc9 Middlewares/ST/STM32_USB_Device_Library/Core/Src/usbd_ioreq.o
                                      0xc0633 (size before relaxing)
 .debug_str     0x00000000000c3272       0xc2 USB_DEVICE/App/usb_device.o
                                      0xc09c2 (size before relaxing)
 .debug_str     0x00000000000c3334       0x9a USB_DEVICE/App/usbd_cdc_if.o
                                      0xc0a14 (size before relaxing)
 .debug_str     0x00000000000c33ce      0x26e USB_DEVICE/App/usbd_desc.o
                                      0xc0585 (size before relaxing)
 .debug_str     0x00000000000c363c      0x154 USB_DEVICE/Target/usbd_conf.o
                                      0xc15c3 (size before relaxing)

.comment        0x0000000000000000       0x53
 .comment       0x0000000000000000       0x53 Core/Src/main.o
                                         0x54 (size before relaxing)
 .comment       0x0000000000000053       0x54 Core/Src/stm32f4xx_hal_msp.o
 .comment       0x0000000000000053       0x54 Core/Src/stm32f4xx_it.o
 .comment       0x0000000000000053       0x54 Core/Src/system_stm32f4xx.o
 .comment       0x0000000000000053       0x54 Drivers/STM32F4xx_HAL_Driver/Src/stm32f4xx_hal.o
 .comment       0x0000000000000053       0x54 Drivers/STM32F4xx_HAL_Driver/Src/stm32f4xx_hal_cortex.o
 .comment       0x0000000000000053       0x54 Drivers/STM32F4xx_HAL_Driver/Src/stm32f4xx_hal_gpio.o
 .comment       0x0000000000000053       0x54 Drivers/STM32F4xx_HAL_Driver/Src/stm32f4xx_hal_pcd.o
 .comment       0x0000000000000053       0x54 Drivers/STM32F4xx_HAL_Driver/Src/stm32f4xx_hal_pcd_ex.o
 .comment       0x0000000000000053       0x54 Drivers/STM32F4xx_HAL_Driver/Src/stm32f4xx_hal_rcc.o
 .comment       0x0000000000000053       0x54 Drivers/STM32F4xx_HAL_Driver/Src/stm32f4xx_ll_usb.o
 .comment       0x0000000000000053       0x54 Middlewares/ST/STM32_USB_Device_Library/Class/CDC/Src/usbd_cdc.o
 .comment       0x0000000000000053       0x54 Middlewares/ST/STM32_USB_Device_Library/Core/Src/usbd_core.o
 .comment       0x0000000000000053       0x54 Middlewares/ST/STM32_USB_Device_Library/Core/Src/usbd_ctlreq.o
 .comment       0x0000000000000053       0x54 Middlewares/ST/STM32_USB_Device_Library/Core/Src/usbd_ioreq.o
 .comment       0x0000000000000053       0x54 USB_DEVICE/App/usb_device.o
 .comment       0x0000000000000053       0x54 USB_DEVICE/App/usbd_cdc_if.o
 .comment       0x0000000000000053       0x54 USB_DEVICE/App/usbd_desc.o
 .comment       0x0000000000000053       0x54 USB_DEVICE/Target/usbd_conf.o

.debug_frame    0x0000000000000000     0x2b60
 .debug_frame   0x0000000000000000       0x90 Core/Src/main.o
 .debug_frame   0x0000000000000090       0x38 Core/Src/stm32f4xx_hal_msp.o
 .debug_frame   0x00000000000000c8      0x120 Core/Src/stm32f4xx_it.o
 .debug_frame   0x00000000000001e8       0x58 Core/Src/system_stm32f4xx.o
 .debug_frame   0x0000000000000240      0x374 Drivers/STM32F4xx_HAL_Driver/Src/stm32f4xx_hal.o
 .debug_frame   0x00000000000005b4      0x498 Drivers/STM32F4xx_HAL_Driver/Src/stm32f4xx_hal_cortex.o
 .debug_frame   0x0000000000000a4c      0x14c Drivers/STM32F4xx_HAL_Driver/Src/stm32f4xx_hal_gpio.o
 .debug_frame   0x0000000000000b98      0x574 Drivers/STM32F4xx_HAL_Driver/Src/stm32f4xx_hal_pcd.o
 .debug_frame   0x000000000000110c       0xb0 Drivers/STM32F4xx_HAL_Driver/Src/stm32f4xx_hal_pcd_ex.o
 .debug_frame   0x00000000000011bc      0x1f0 Drivers/STM32F4xx_HAL_Driver/Src/stm32f4xx_hal_rcc.o
 .debug_frame   0x00000000000013ac      0x798 Drivers/STM32F4xx_HAL_Driver/Src/stm32f4xx_ll_usb.o
 .debug_frame   0x0000000000001b44      0x248 Middlewares/ST/STM32_USB_Device_Library/Class/CDC/Src/usbd_cdc.o
 .debug_frame   0x0000000000001d8c      0x2f4 Middlewares/ST/STM32_USB_Device_Library/Core/Src/usbd_core.o
 .debug_frame   0x0000000000002080      0x23c Middlewares/ST/STM32_USB_Device_Library/Core/Src/usbd_ctlreq.o
 .debug_frame   0x00000000000022bc      0x10c Middlewares/ST/STM32_USB_Device_Library/Core/Src/usbd_ioreq.o
 .debug_frame   0x00000000000023c8       0x2c USB_DEVICE/App/usb_device.o
 .debug_frame   0x00000000000023f4       0xe4 USB_DEVICE/App/usbd_cdc_if.o
 .debug_frame   0x00000000000024d8      0x160 USB_DEVICE/App/usbd_desc.o
 .debug_frame   0x0000000000002638      0x47c USB_DEVICE/Target/usbd_conf.o
 .debug_frame   0x0000000000002ab4       0x2c c:/st/stm32cubeide_1.6.1/stm32cubeide/plugins/com.st.stm32cube.ide.mcu.externaltools.gnu-tools-for-stm32.9-2020-q2-update.win32_1.5.0.202011040924/tools/bin/../lib/gcc/arm-none-eabi/9.3.1/../../../../arm-none-eabi/lib/thumb/v7e-m+fp/hard\libc_nano.a(lib_a-init.o)
 .debug_frame   0x0000000000002ae0       0x20 c:/st/stm32cubeide_1.6.1/stm32cubeide/plugins/com.st.stm32cube.ide.mcu.externaltools.gnu-tools-for-stm32.9-2020-q2-update.win32_1.5.0.202011040924/tools/bin/../lib/gcc/arm-none-eabi/9.3.1/../../../../arm-none-eabi/lib/thumb/v7e-m+fp/hard\libc_nano.a(lib_a-memset.o)
 .debug_frame   0x0000000000002b00       0x2c c:/st/stm32cubeide_1.6.1/stm32cubeide/plugins/com.st.stm32cube.ide.mcu.externaltools.gnu-tools-for-stm32.9-2020-q2-update.win32_1.5.0.202011040924/tools/bin/../lib/gcc/arm-none-eabi/9.3.1/thumb/v7e-m+fp/hard\libgcc.a(_aeabi_uldivmod.o)
 .debug_frame   0x0000000000002b2c       0x34 c:/st/stm32cubeide_1.6.1/stm32cubeide/plugins/com.st.stm32cube.ide.mcu.externaltools.gnu-tools-for-stm32.9-2020-q2-update.win32_1.5.0.202011040924/tools/bin/../lib/gcc/arm-none-eabi/9.3.1/thumb/v7e-m+fp/hard\libgcc.a(_udivmoddi4.o)
