19:12:57 **** Incremental Build of configuration Debug for project desd2021 ****
make -j4 all 
arm-none-eabi-gcc "../Core/Src/main.c" -mcpu=cortex-m4 -std=gnu11 -g3 -DDEBUG -DUSE_HAL_DRIVER -DSTM32F407xx -c -I../Core/Inc -I../Drivers/STM32F4xx_HAL_Driver/Inc -I../Drivers/STM32F4xx_HAL_Driver/Inc/Legacy -I../Drivers/CMSIS/Device/ST/STM32F4xx/Include -I../Drivers/CMSIS/Include -O0 -ffunction-sections -fdata-sections -Wall -fstack-usage -MMD -MP -MF"Core/Src/main.d" -MT"Core/Src/main.o" --specs=nano.specs -mfpu=fpv4-sp-d16 -mfloat-abi=hard -mthumb -o "Core/Src/main.o"
arm-none-eabi-gcc -o "desd2021.elf" @"objects.list"   -mcpu=cortex-m4 -T"C:\Users\gupta\STM32CubeIDE\workspace_1.6.1\desd2020\STM32F407VGTX_FLASH.ld" --specs=nosys.specs -Wl,-Map="desd2021.map" -Wl,--gc-sections -static --specs=nano.specs -mfpu=fpv4-sp-d16 -mfloat-abi=hard -mthumb -Wl,--start-group -lc -lm -Wl,--end-group
Finished building target: desd2021.elf
 
arm-none-eabi-objdump -h -S  desd2021.elf  > "desd2021.list"
arm-none-eabi-objcopy  -O binary  desd2021.elf  "desd2021.bin"
arm-none-eabi-size   desd2021.elf 
   text	   data	    bss	    dec	    hex	filename
  10844	     20	   1668	  12532	   30f4	desd2021.elf
Finished building: default.size.stdout
 
Finished building: desd2021.bin
Finished building: desd2021.list
 
 

19:12:59 Build Finished. 0 errors, 0 warnings. (took 1s.783ms)

