08:46:08 **** Incremental Build of configuration Debug for project UART_Tx_A13 ****
make -j4 all 
arm-none-eabi-gcc "../Core/Src/main.c" -mcpu=cortex-m4 -std=gnu11 -g3 -DDEBUG -DUSE_HAL_DRIVER -DSTM32F407xx -c -I../Core/Inc -I../Drivers/STM32F4xx_HAL_Driver/Inc -I../Drivers/STM32F4xx_HAL_Driver/Inc/Legacy -I../Drivers/CMSIS/Device/ST/STM32F4xx/Include -I../Drivers/CMSIS/Include -O0 -ffunction-sections -fdata-sections -Wall -fstack-usage -MMD -MP -MF"Core/Src/main.d" -MT"Core/Src/main.o" --specs=nano.specs -mfpu=fpv4-sp-d16 -mfloat-abi=hard -mthumb -o "Core/Src/main.o"
arm-none-eabi-gcc -o "UART_Tx_A13.elf" @"objects.list"   -mcpu=cortex-m4 -T"C:\Users\gupta\STM32CubeIDE\workspace_1.6.1\UART_Tx_A13\STM32F407VGTX_FLASH.ld" --specs=nosys.specs -Wl,-Map="UART_Tx_A13.map" -Wl,--gc-sections -static --specs=nano.specs -mfpu=fpv4-sp-d16 -mfloat-abi=hard -mthumb -Wl,--start-group -lc -lm -Wl,--end-group
Finished building target: UART_Tx_A13.elf
 
arm-none-eabi-objdump -h -S  UART_Tx_A13.elf  > "UART_Tx_A13.list"
arm-none-eabi-objcopy  -O binary  UART_Tx_A13.elf  "UART_Tx_A13.bin"
arm-none-eabi-size   UART_Tx_A13.elf 
   text	   data	    bss	    dec	    hex	filename
   9544	     20	   1636	  11200	   2bc0	UART_Tx_A13.elf
Finished building: default.size.stdout
 
Finished building: UART_Tx_A13.bin
Finished building: UART_Tx_A13.list
 
 

08:46:11 Build Finished. 0 errors, 0 warnings. (took 2s.369ms)

